scenario=scale-20 operation=smallfile-create returncode=0 total_ms=3655.221
do not need pause between files for single-threaded workload
changing --finish to true for op type create
                                 version : 3.2
                           hosts in test : None
                        launch by daemon : False
                   top test directory(s) : ['/var/folders/dv/6qqlc4qd201cxqrq7nd63qcm0000gn/T/gitvault-load-251scduf/scale-20']
                               operation : create
                            files/thread : 20
                                 threads : 1
           record size (KB, 0 = maximum) : 0
                          file size (KB) : 8
                  file size distribution : fixed
                           files per dir : 20
                            dirs per dir : 10
              threads share directories? : N
                         filename prefix : 
                         filename suffix : 
             hash file number into dir.? : N
                     fsync after modify? : N
                         incompressible? : Y
          pause between files (microsec) : 0
                             auto-pause? : N
 delay after cleanup per file (microsec) : 0
             minimum directories per sec : 50
                             total hosts : 1
                    finish all requests? : Y
                              stonewall? : Y
                 measure response times? : N
                            verify read? : Y
                                verbose? : N
                          log to stderr? : N
host = MacBook-Pro-14.local,thr = 00,elapsed = 0.012623071670532227,files = 20,records = 20,status = ok
total threads = 1
total files = 20
total IOPS = 1584
total data =     0.000 GiB
100.00% of requested files processed, warning threshold is  70.00%
elapsed time =     0.013
files/sec = 1584.400416
IOPS = 1584.400416
MiB/sec = 12.378128

scenario=scale-20 operation=init dataset_files=20 sequence=1 returncode=0 total_ms=23384.579
initializing store at /gitvault-load-20260816183344-fde896-20...

Uploading Blob objects: 1/20 (5.0%)
Uploading Blob objects: 2/20 (10.0%)
Uploading Blob objects: 3/20 (15.0%)
Uploading Blob objects: 4/20 (20.0%)
Uploading Blob objects: 5/20 (25.0%)
Uploading Blob objects: 6/20 (30.0%)
Uploading Blob objects: 7/20 (35.0%)
Uploading Blob objects: 8/20 (40.0%)
Uploading Blob objects: 9/20 (45.0%)
Uploading Blob objects: 10/20 (50.0%)
Uploading Blob objects: 11/20 (55.0%)
Uploading Blob objects: 12/20 (60.0%)
Uploading Blob objects: 13/20 (65.0%)
Uploading Blob objects: 14/20 (70.0%)
Uploading Blob objects: 15/20 (75.0%)
Uploading Blob objects: 16/20 (80.0%)
Uploading Blob objects: 17/20 (85.0%)
Uploading Blob objects: 18/20 (90.0%)
Uploading Blob objects: 19/20 (95.0%)
Uploading Blob objects: 20/20 (100.0%)
commit=2c2884670274156ddd62db27eddb6e049f73172d18e62a5879de270b5a67fc87
genesis=5a5fca9fbb0e1ba289360cdcb7cdca69e28877cc0f598cc554d729d779e9f6f0
GITVAULT_BENCH phase=auth.kdf_identity ms=1205.966

Uploading Tree objects... hash=5769efe1ea48e887c8fa6c4667623a458aacc247dbff15d49ec048fe8df175c5 | size: 1516 bytes

Uploading Tree objects... hash=bf841b8ff47115cf645b702b727dadbad6f1f3d6f25edb614006cccb730b93d8 | size: 85 bytes

Uploading Tree objects... hash=abb1040152c4f1a8c0213e38c6db39133cfe04ca051d71c0f8711b48a19c6875 | size: 103 bytes

Conditional upload rate limited; retrying after 1s (attempt 1/5)

Uploading Tree objects... hash=bc6f397cd566389bb4d4dd994c24f34e499e276e12bf72a63e2e0421efcd02f3 | size: 56 bytes

Uploading Tree objects... hash=3bb38088846c44ce47fd374981581f24069c877213a31586ec68e8f202fd8ca9 | size: 69 bytes

Conditional upload rate limited; retrying after 2s (attempt 2/5)
GITVAULT_BENCH phase=init.cloud_head_fetch ms=1736.774
GITVAULT_BENCH phase=init.genesis_publish_w2 ms=2419.417
GITVAULT_BENCH phase=init.checkpoint_publish_w2 ms=2773.307

scenario=scale-20 operation=status dataset_files=20 sequence=2 returncode=0 total_ms=4645.878
L=2c2884670274156ddd62db27eddb6e049f73172d18e62a5879de270b5a67fc87
C=2c2884670274156ddd62db27eddb6e049f73172d18e62a5879de270b5a67fc87
N=2c2884670274156ddd62db27eddb6e049f73172d18e62a5879de270b5a67fc87
clock_L={}
clock_C={}
clock_N={}
relation_L_C=EQUAL
relation_C_N=EQUAL
relation_L_N=EQUAL
cloud_revision=016592e4c73c50100000002948d8a40
state=CONSISTENT
reason=NONE
action=NONE
detail=local, Dropbox, and signed vector checkpoints agree
relay=wss://relay.damus.io TRANSPORT_ERROR latency_ms=1004 The WebSocket handshake was declined by the remote peer [boost.beast.websocket:20 at /opt/homebrew/include/boost/beast/websocket/impl/stream_impl.hpp:657:40 in function 'operator()']
relay=wss://relay.primal.net EOSE latency_ms=1861
relay=wss://relay.ditto.pub EOSE latency_ms=2396
pending_operation=none
GITVAULT_BENCH phase=auth.kdf_identity ms=200.733
GITVAULT_BENCH phase=preflight.outbox_replay ms=0.069
GITVAULT_BENCH phase=preflight.cloud_head_fetch ms=511.256
GITVAULT_BENCH phase=preflight.relay_fetch_r2 ms=2396.828
GITVAULT_BENCH phase=preflight.checkpoint_evaluation ms=0.734
GITVAULT_BENCH phase=preflight.total ms=2926.091

scenario=scale-20 operation=list dataset_files=20 sequence=3 returncode=0 total_ms=6208.890
GITVAULT_BENCH phase=auth.kdf_identity ms=184.738
GITVAULT_BENCH phase=preflight.outbox_replay ms=0.078
GITVAULT_BENCH phase=preflight.cloud_head_fetch ms=581.619
GITVAULT_BENCH phase=preflight.relay_fetch_r2 ms=2318.961
GITVAULT_BENCH phase=preflight.checkpoint_evaluation ms=0.786
GITVAULT_BENCH phase=preflight.total ms=2907.124

scenario=scale-20 operation=tree dataset_files=20 sequence=4 returncode=0 total_ms=10610.953
GITVAULT_BENCH phase=auth.kdf_identity ms=194.237
GITVAULT_BENCH phase=preflight.outbox_replay ms=0.073
GITVAULT_BENCH phase=preflight.cloud_head_fetch ms=503.839
GITVAULT_BENCH phase=preflight.relay_fetch_r2 ms=2525.439
GITVAULT_BENCH phase=preflight.checkpoint_evaluation ms=0.762
GITVAULT_BENCH phase=preflight.total ms=3036.385

scenario=scale-20 operation=cat-sample-1 dataset_files=20 sequence=5 returncode=0 total_ms=12130.320
GITVAULT_BENCH phase=auth.kdf_identity ms=190.152
GITVAULT_BENCH phase=preflight.outbox_replay ms=0.072
GITVAULT_BENCH phase=preflight.cloud_head_fetch ms=558.960
GITVAULT_BENCH phase=preflight.relay_fetch_r2 ms=4135.500
GITVAULT_BENCH phase=preflight.checkpoint_evaluation ms=0.712
GITVAULT_BENCH phase=preflight.total ms=4700.899
GITVAULT_BENCH phase=read.path_resolution ms=4827.962
GITVAULT_BENCH phase=read.blob_fetch ms=913.849
GITVAULT_BENCH phase=read.blob_decrypt_verify ms=0.171

scenario=scale-20 operation=quick-scan dataset_files=20 sequence=6 returncode=0 total_ms=16730.717
GITVAULT_BENCH phase=auth.kdf_identity ms=189.723
GITVAULT_BENCH phase=preflight.outbox_replay ms=0.071
GITVAULT_BENCH phase=preflight.cloud_head_fetch ms=535.670
GITVAULT_BENCH phase=preflight.relay_fetch_r2 ms=2407.814
GITVAULT_BENCH phase=preflight.checkpoint_evaluation ms=0.753
GITVAULT_BENCH phase=preflight.total ms=2950.342

scenario=scale-20 operation=deep-scan dataset_files=20 sequence=7 returncode=0 total_ms=28930.812
GITVAULT_BENCH phase=auth.kdf_identity ms=193.278
GITVAULT_BENCH phase=preflight.outbox_replay ms=0.084
GITVAULT_BENCH phase=preflight.cloud_head_fetch ms=530.432
GITVAULT_BENCH phase=preflight.relay_fetch_r2 ms=2419.888
GITVAULT_BENCH phase=preflight.checkpoint_evaluation ms=0.900
GITVAULT_BENCH phase=preflight.total ms=2958.700

scenario=cleanup operation=destroy dataset_files=0 sequence=8 returncode=0 total_ms=2397.661
Warning: 'destroy' will permanently remove:
  local metadata: /Users/dobshn/.gitvault/gitvault-load-20260816183344-fde896-20
  remote Dropbox folder: /gitvault-load-20260816183344-fde896-20

Proceed? (y/N): Remote vault folder deleted.
Local vault metadata deleted.

