scenario=scale-10 operation=smallfile-create returncode=0 total_ms=3613.973
do not need pause between files for single-threaded workload
changing --finish to true for op type create
                                 version : 3.2
                           hosts in test : None
                        launch by daemon : False
                   top test directory(s) : ['/var/folders/dv/6qqlc4qd201cxqrq7nd63qcm0000gn/T/gitvault-load-k09z5xh6/scale-10']
                               operation : create
                            files/thread : 10
                                 threads : 1
           record size (KB, 0 = maximum) : 0
                          file size (KB) : 8
                  file size distribution : fixed
                           files per dir : 10
                            dirs per dir : 10
              threads share directories? : N
                         filename prefix : 
                         filename suffix : 
             hash file number into dir.? : N
                     fsync after modify? : N
                         incompressible? : Y
          pause between files (microsec) : 0
                             auto-pause? : N
 delay after cleanup per file (microsec) : 0
             minimum directories per sec : 50
                             total hosts : 1
                    finish all requests? : Y
                              stonewall? : Y
                 measure response times? : N
                            verify read? : Y
                                verbose? : N
                          log to stderr? : N
host = MacBook-Pro-14.local,thr = 00,elapsed = 0.0018088817596435547,files = 10,records = 10,status = ok
total threads = 1
total files = 10
total IOPS = 5528
total data =     0.000 GiB
100.00% of requested files processed, warning threshold is  70.00%
elapsed time =     0.002
files/sec = 5528.277316
IOPS = 5528.277316
MiB/sec = 43.189667

scenario=scale-10 operation=init dataset_files=10 sequence=1 returncode=0 total_ms=19432.531
initializing store at /gitvault-load-20260816181859-c0e6c9-10...

Uploading Blob objects: 1/10 (10.0%)
Uploading Blob objects: 2/10 (20.0%)
Uploading Blob objects: 3/10 (30.0%)
Uploading Blob objects: 4/10 (40.0%)
Uploading Blob objects: 5/10 (50.0%)
Uploading Blob objects: 6/10 (60.0%)
Uploading Blob objects: 7/10 (70.0%)
Uploading Blob objects: 8/10 (80.0%)
Uploading Blob objects: 9/10 (90.0%)
Uploading Blob objects: 10/10 (100.0%)
commit=d92f5541f3bb0718869ecc314154538cb25ba28296e87042228c904f560e53b7
genesis=d1be35ab3ac5c769c71d654151315345cb63a40905c7ce3385a6d39aa7663e99
GITVAULT_BENCH phase=auth.kdf_identity ms=2092.150

Uploading Tree objects... hash=5c21e6c6a78abdb6a0cb0c541e7223fc30dd550749f09fda2c7b789fc27ea0c8 | size: 716 bytes

Uploading Tree objects... hash=0a524c313facb757dc2ba090c68cb3f14e0b12a7bd4de4005f08b8e40701dcd7 | size: 85 bytes

Conditional upload rate limited; retrying after 1s (attempt 1/5)

Conditional upload rate limited; retrying after 1s (attempt 1/5)

Uploading Tree objects... hash=4e63548bf99d46976fdcf0a3cf567405878815301148dd5a04a5d55f720ca190 | size: 103 bytes

Uploading Tree objects... hash=8ac72bb28c7bf85934d8d097ab3dc125d19955dfafc94f2b62d9d1e05992c27d | size: 56 bytes

Uploading Tree objects... hash=c8c2a4a8289f0a3a6fa0e0a29b0afc963234f3fd1844bc79d8539e1fa01334f5 | size: 69 bytes
GITVAULT_BENCH phase=init.cloud_head_fetch ms=528.824
GITVAULT_BENCH phase=init.genesis_publish_w2 ms=2179.687
GITVAULT_BENCH phase=init.checkpoint_publish_w2 ms=2428.594

scenario=scale-10 operation=status dataset_files=10 sequence=2 returncode=0 total_ms=5455.485
L=d92f5541f3bb0718869ecc314154538cb25ba28296e87042228c904f560e53b7
C=d92f5541f3bb0718869ecc314154538cb25ba28296e87042228c904f560e53b7
N=d92f5541f3bb0718869ecc314154538cb25ba28296e87042228c904f560e53b7
clock_L={}
clock_C={}
clock_N={}
relation_L_C=EQUAL
relation_C_N=EQUAL
relation_L_N=EQUAL
cloud_revision=016592e1795012d00000002948d8a40
state=CONSISTENT
reason=NONE
action=NONE
detail=local, Dropbox, and signed vector checkpoints agree
relay=wss://relay.damus.io TRANSPORT_ERROR latency_ms=1013 The WebSocket handshake was declined by the remote peer [boost.beast.websocket:20 at /opt/homebrew/include/boost/beast/websocket/impl/stream_impl.hpp:657:40 in function 'operator()']
relay=wss://relay.primal.net EOSE latency_ms=2860
relay=wss://relay.ditto.pub EOSE latency_ms=3289
pending_operation=none
GITVAULT_BENCH phase=auth.kdf_identity ms=178.054
GITVAULT_BENCH phase=preflight.outbox_replay ms=0.069
GITVAULT_BENCH phase=preflight.cloud_head_fetch ms=455.314
GITVAULT_BENCH phase=preflight.relay_fetch_r2 ms=3290.995
GITVAULT_BENCH phase=preflight.checkpoint_evaluation ms=0.737
GITVAULT_BENCH phase=preflight.total ms=3753.549

scenario=scale-10 operation=list dataset_files=10 sequence=3 returncode=0 total_ms=7668.858
GITVAULT_BENCH phase=auth.kdf_identity ms=187.431
GITVAULT_BENCH phase=preflight.outbox_replay ms=0.074
GITVAULT_BENCH phase=preflight.cloud_head_fetch ms=2009.981
GITVAULT_BENCH phase=preflight.relay_fetch_r2 ms=2379.298
GITVAULT_BENCH phase=preflight.checkpoint_evaluation ms=0.624
GITVAULT_BENCH phase=preflight.total ms=4395.014

scenario=scale-10 operation=tree dataset_files=10 sequence=4 returncode=0 total_ms=10276.527
GITVAULT_BENCH phase=auth.kdf_identity ms=189.749
GITVAULT_BENCH phase=preflight.outbox_replay ms=0.070
GITVAULT_BENCH phase=preflight.cloud_head_fetch ms=503.299
GITVAULT_BENCH phase=preflight.relay_fetch_r2 ms=2602.041
GITVAULT_BENCH phase=preflight.checkpoint_evaluation ms=0.732
GITVAULT_BENCH phase=preflight.total ms=3112.283

scenario=scale-10 operation=cat-sample-1 dataset_files=10 sequence=5 returncode=0 total_ms=9927.678
GITVAULT_BENCH phase=auth.kdf_identity ms=185.417
GITVAULT_BENCH phase=preflight.outbox_replay ms=0.072
GITVAULT_BENCH phase=preflight.cloud_head_fetch ms=518.453
GITVAULT_BENCH phase=preflight.relay_fetch_r2 ms=2303.699
GITVAULT_BENCH phase=preflight.checkpoint_evaluation ms=0.755
GITVAULT_BENCH phase=preflight.total ms=2830.829
GITVAULT_BENCH phase=read.path_resolution ms=4694.802
GITVAULT_BENCH phase=read.blob_fetch ms=625.309
GITVAULT_BENCH phase=read.blob_decrypt_verify ms=1.627

scenario=scale-10 operation=quick-scan dataset_files=10 sequence=6 returncode=0 total_ms=13057.527
GITVAULT_BENCH phase=auth.kdf_identity ms=202.576
GITVAULT_BENCH phase=preflight.outbox_replay ms=0.070
GITVAULT_BENCH phase=preflight.cloud_head_fetch ms=602.541
GITVAULT_BENCH phase=preflight.relay_fetch_r2 ms=2491.917
GITVAULT_BENCH phase=preflight.checkpoint_evaluation ms=0.744
GITVAULT_BENCH phase=preflight.total ms=3102.045

scenario=scale-10 operation=deep-scan dataset_files=10 sequence=7 returncode=0 total_ms=21261.936
GITVAULT_BENCH phase=auth.kdf_identity ms=192.587
GITVAULT_BENCH phase=preflight.outbox_replay ms=0.073
GITVAULT_BENCH phase=preflight.cloud_head_fetch ms=498.526
GITVAULT_BENCH phase=preflight.relay_fetch_r2 ms=2563.168
GITVAULT_BENCH phase=preflight.checkpoint_evaluation ms=0.698
GITVAULT_BENCH phase=preflight.total ms=3068.554

scenario=ycsb-c operation=read dataset_files=10 sequence=8 returncode=0 total_ms=9150.477
GITVAULT_BENCH phase=auth.kdf_identity ms=201.408
GITVAULT_BENCH phase=preflight.outbox_replay ms=0.073
GITVAULT_BENCH phase=preflight.cloud_head_fetch ms=638.422
GITVAULT_BENCH phase=preflight.relay_fetch_r2 ms=2265.263
GITVAULT_BENCH phase=preflight.checkpoint_evaluation ms=0.705
GITVAULT_BENCH phase=preflight.total ms=2909.801
GITVAULT_BENCH phase=read.path_resolution ms=3898.803
GITVAULT_BENCH phase=read.blob_fetch ms=639.118
GITVAULT_BENCH phase=read.blob_decrypt_verify ms=0.236

scenario=ycsb-c operation=read dataset_files=10 sequence=9 returncode=0 total_ms=10413.796
GITVAULT_BENCH phase=auth.kdf_identity ms=180.842
GITVAULT_BENCH phase=preflight.outbox_replay ms=0.070
GITVAULT_BENCH phase=preflight.cloud_head_fetch ms=547.840
GITVAULT_BENCH phase=preflight.relay_fetch_r2 ms=2338.355
GITVAULT_BENCH phase=preflight.checkpoint_evaluation ms=0.742
GITVAULT_BENCH phase=preflight.total ms=2893.011
GITVAULT_BENCH phase=read.path_resolution ms=5016.417
GITVAULT_BENCH phase=read.blob_fetch ms=680.846
GITVAULT_BENCH phase=read.blob_decrypt_verify ms=0.209

scenario=ycsb-c operation=read dataset_files=10 sequence=10 returncode=0 total_ms=9733.740
GITVAULT_BENCH phase=auth.kdf_identity ms=191.744
GITVAULT_BENCH phase=preflight.outbox_replay ms=0.222
GITVAULT_BENCH phase=preflight.cloud_head_fetch ms=529.360
GITVAULT_BENCH phase=preflight.relay_fetch_r2 ms=2304.647
GITVAULT_BENCH phase=preflight.checkpoint_evaluation ms=0.818
GITVAULT_BENCH phase=preflight.total ms=2844.016
GITVAULT_BENCH phase=read.path_resolution ms=4686.897
GITVAULT_BENCH phase=read.blob_fetch ms=665.789
GITVAULT_BENCH phase=read.blob_decrypt_verify ms=0.248

scenario=ycsb-c operation=read dataset_files=10 sequence=11 returncode=0 total_ms=9215.498
GITVAULT_BENCH phase=auth.kdf_identity ms=193.473
GITVAULT_BENCH phase=preflight.outbox_replay ms=0.085
GITVAULT_BENCH phase=preflight.cloud_head_fetch ms=770.809
GITVAULT_BENCH phase=preflight.relay_fetch_r2 ms=2444.005
GITVAULT_BENCH phase=preflight.checkpoint_evaluation ms=0.724
GITVAULT_BENCH phase=preflight.total ms=3222.614
GITVAULT_BENCH phase=read.path_resolution ms=3823.594
GITVAULT_BENCH phase=read.blob_fetch ms=627.516
GITVAULT_BENCH phase=read.blob_decrypt_verify ms=0.203

scenario=ycsb-c operation=read dataset_files=10 sequence=12 returncode=0 total_ms=9687.471
GITVAULT_BENCH phase=auth.kdf_identity ms=184.018
GITVAULT_BENCH phase=preflight.outbox_replay ms=0.073
GITVAULT_BENCH phase=preflight.cloud_head_fetch ms=474.378
GITVAULT_BENCH phase=preflight.relay_fetch_r2 ms=2355.206
GITVAULT_BENCH phase=preflight.checkpoint_evaluation ms=0.737
GITVAULT_BENCH phase=preflight.total ms=2835.890
GITVAULT_BENCH phase=read.path_resolution ms=3694.307
GITVAULT_BENCH phase=read.blob_fetch ms=1692.555
GITVAULT_BENCH phase=read.blob_decrypt_verify ms=0.168

scenario=ycsb-c operation=read dataset_files=10 sequence=13 returncode=0 total_ms=9074.257
GITVAULT_BENCH phase=auth.kdf_identity ms=178.241
GITVAULT_BENCH phase=preflight.outbox_replay ms=0.078
GITVAULT_BENCH phase=preflight.cloud_head_fetch ms=513.492
GITVAULT_BENCH phase=preflight.relay_fetch_r2 ms=2394.381
GITVAULT_BENCH phase=preflight.checkpoint_evaluation ms=0.687
GITVAULT_BENCH phase=preflight.total ms=2914.312
GITVAULT_BENCH phase=read.path_resolution ms=4024.515
GITVAULT_BENCH phase=read.blob_fetch ms=577.779
GITVAULT_BENCH phase=read.blob_decrypt_verify ms=1.559

scenario=ycsb-c operation=read dataset_files=10 sequence=14 returncode=0 total_ms=14590.324
GITVAULT_BENCH phase=auth.kdf_identity ms=201.180
GITVAULT_BENCH phase=preflight.outbox_replay ms=0.070
GITVAULT_BENCH phase=preflight.cloud_head_fetch ms=464.413
GITVAULT_BENCH phase=preflight.relay_fetch_r2 ms=6015.246
GITVAULT_BENCH phase=preflight.checkpoint_evaluation ms=0.751
GITVAULT_BENCH phase=preflight.total ms=6486.598
GITVAULT_BENCH phase=read.path_resolution ms=4870.968
GITVAULT_BENCH phase=read.blob_fetch ms=602.921
GITVAULT_BENCH phase=read.blob_decrypt_verify ms=0.386

scenario=ycsb-c operation=read dataset_files=10 sequence=15 returncode=0 total_ms=10185.636
GITVAULT_BENCH phase=auth.kdf_identity ms=199.032
GITVAULT_BENCH phase=preflight.outbox_replay ms=0.069
GITVAULT_BENCH phase=preflight.cloud_head_fetch ms=458.992
GITVAULT_BENCH phase=preflight.relay_fetch_r2 ms=2339.301
GITVAULT_BENCH phase=preflight.checkpoint_evaluation ms=0.687
GITVAULT_BENCH phase=preflight.total ms=2804.552
GITVAULT_BENCH phase=read.path_resolution ms=5163.236
GITVAULT_BENCH phase=read.blob_fetch ms=674.977
GITVAULT_BENCH phase=read.blob_decrypt_verify ms=0.184

scenario=ycsb-c operation=read dataset_files=10 sequence=16 returncode=0 total_ms=10631.581
GITVAULT_BENCH phase=auth.kdf_identity ms=177.337
GITVAULT_BENCH phase=preflight.outbox_replay ms=0.079
GITVAULT_BENCH phase=preflight.cloud_head_fetch ms=627.120
GITVAULT_BENCH phase=preflight.relay_fetch_r2 ms=2565.979
GITVAULT_BENCH phase=preflight.checkpoint_evaluation ms=0.627
GITVAULT_BENCH phase=preflight.total ms=3199.222
GITVAULT_BENCH phase=read.path_resolution ms=4937.672
GITVAULT_BENCH phase=read.blob_fetch ms=671.585
GITVAULT_BENCH phase=read.blob_decrypt_verify ms=0.210

scenario=ycsb-c operation=read dataset_files=10 sequence=17 returncode=0 total_ms=10476.775
GITVAULT_BENCH phase=auth.kdf_identity ms=183.648
GITVAULT_BENCH phase=preflight.outbox_replay ms=0.071
GITVAULT_BENCH phase=preflight.cloud_head_fetch ms=448.431
GITVAULT_BENCH phase=preflight.relay_fetch_r2 ms=2519.783
GITVAULT_BENCH phase=preflight.checkpoint_evaluation ms=0.729
GITVAULT_BENCH phase=preflight.total ms=2974.795
GITVAULT_BENCH phase=read.path_resolution ms=4989.566
GITVAULT_BENCH phase=read.blob_fetch ms=627.946
GITVAULT_BENCH phase=read.blob_decrypt_verify ms=0.190

scenario=ycsb-c operation=read dataset_files=10 sequence=18 returncode=0 total_ms=10752.421
GITVAULT_BENCH phase=auth.kdf_identity ms=185.764
GITVAULT_BENCH phase=preflight.outbox_replay ms=0.064
GITVAULT_BENCH phase=preflight.cloud_head_fetch ms=1896.744
GITVAULT_BENCH phase=preflight.relay_fetch_r2 ms=2594.076
GITVAULT_BENCH phase=preflight.checkpoint_evaluation ms=0.729
GITVAULT_BENCH phase=preflight.total ms=4497.538
GITVAULT_BENCH phase=read.path_resolution ms=3789.636
GITVAULT_BENCH phase=read.blob_fetch ms=651.317
GITVAULT_BENCH phase=read.blob_decrypt_verify ms=0.196

scenario=ycsb-c operation=read dataset_files=10 sequence=19 returncode=0 total_ms=10730.228
GITVAULT_BENCH phase=auth.kdf_identity ms=186.189
GITVAULT_BENCH phase=preflight.outbox_replay ms=0.071
GITVAULT_BENCH phase=preflight.cloud_head_fetch ms=521.569
GITVAULT_BENCH phase=preflight.relay_fetch_r2 ms=2501.416
GITVAULT_BENCH phase=preflight.checkpoint_evaluation ms=0.447
GITVAULT_BENCH phase=preflight.total ms=3027.608
GITVAULT_BENCH phase=read.path_resolution ms=5225.704
GITVAULT_BENCH phase=read.blob_fetch ms=826.518
GITVAULT_BENCH phase=read.blob_decrypt_verify ms=0.175

scenario=ycsb-c operation=read dataset_files=10 sequence=20 returncode=0 total_ms=12661.573
GITVAULT_BENCH phase=auth.kdf_identity ms=183.119
GITVAULT_BENCH phase=preflight.outbox_replay ms=0.074
GITVAULT_BENCH phase=preflight.cloud_head_fetch ms=612.089
GITVAULT_BENCH phase=preflight.relay_fetch_r2 ms=4995.902
GITVAULT_BENCH phase=preflight.checkpoint_evaluation ms=0.706
GITVAULT_BENCH phase=preflight.total ms=5615.229
GITVAULT_BENCH phase=read.path_resolution ms=4845.404
GITVAULT_BENCH phase=read.blob_fetch ms=654.352
GITVAULT_BENCH phase=read.blob_decrypt_verify ms=0.226

scenario=ycsb-c operation=read dataset_files=10 sequence=21 returncode=0 total_ms=10835.781
GITVAULT_BENCH phase=auth.kdf_identity ms=199.340
GITVAULT_BENCH phase=preflight.outbox_replay ms=0.070
GITVAULT_BENCH phase=preflight.cloud_head_fetch ms=618.317
GITVAULT_BENCH phase=preflight.relay_fetch_r2 ms=2516.243
GITVAULT_BENCH phase=preflight.checkpoint_evaluation ms=0.829
GITVAULT_BENCH phase=preflight.total ms=3142.150
GITVAULT_BENCH phase=read.path_resolution ms=4885.851
GITVAULT_BENCH phase=read.blob_fetch ms=1162.443
GITVAULT_BENCH phase=read.blob_decrypt_verify ms=0.189

scenario=ycsb-c operation=read dataset_files=10 sequence=22 returncode=0 total_ms=9145.950
GITVAULT_BENCH phase=auth.kdf_identity ms=198.275
GITVAULT_BENCH phase=preflight.outbox_replay ms=0.074
GITVAULT_BENCH phase=preflight.cloud_head_fetch ms=533.921
GITVAULT_BENCH phase=preflight.relay_fetch_r2 ms=2492.617
GITVAULT_BENCH phase=preflight.checkpoint_evaluation ms=0.757
GITVAULT_BENCH phase=preflight.total ms=3033.448
GITVAULT_BENCH phase=read.path_resolution ms=3673.688
GITVAULT_BENCH phase=read.blob_fetch ms=761.937
GITVAULT_BENCH phase=read.blob_decrypt_verify ms=0.298

scenario=ycsb-c operation=read dataset_files=10 sequence=23 returncode=0 total_ms=9890.361
GITVAULT_BENCH phase=auth.kdf_identity ms=186.800
GITVAULT_BENCH phase=preflight.outbox_replay ms=0.069
GITVAULT_BENCH phase=preflight.cloud_head_fetch ms=530.390
GITVAULT_BENCH phase=preflight.relay_fetch_r2 ms=2296.226
GITVAULT_BENCH phase=preflight.checkpoint_evaluation ms=0.740
GITVAULT_BENCH phase=preflight.total ms=2833.233
GITVAULT_BENCH phase=read.path_resolution ms=3800.079
GITVAULT_BENCH phase=read.blob_fetch ms=1756.786
GITVAULT_BENCH phase=read.blob_decrypt_verify ms=0.236

scenario=ycsb-c operation=read dataset_files=10 sequence=24 returncode=0 total_ms=9810.438
GITVAULT_BENCH phase=auth.kdf_identity ms=195.248
GITVAULT_BENCH phase=preflight.outbox_replay ms=0.070
GITVAULT_BENCH phase=preflight.cloud_head_fetch ms=623.789
GITVAULT_BENCH phase=preflight.relay_fetch_r2 ms=2279.382
GITVAULT_BENCH phase=preflight.checkpoint_evaluation ms=0.671
GITVAULT_BENCH phase=preflight.total ms=2910.759
GITVAULT_BENCH phase=read.path_resolution ms=3613.166
GITVAULT_BENCH phase=read.blob_fetch ms=1671.645
GITVAULT_BENCH phase=read.blob_decrypt_verify ms=0.256

scenario=ycsb-c operation=read dataset_files=10 sequence=25 returncode=0 total_ms=9705.599
GITVAULT_BENCH phase=auth.kdf_identity ms=178.859
GITVAULT_BENCH phase=preflight.outbox_replay ms=0.070
GITVAULT_BENCH phase=preflight.cloud_head_fetch ms=467.978
GITVAULT_BENCH phase=preflight.relay_fetch_r2 ms=2384.058
GITVAULT_BENCH phase=preflight.checkpoint_evaluation ms=0.764
GITVAULT_BENCH phase=preflight.total ms=2861.975
GITVAULT_BENCH phase=read.path_resolution ms=4706.360
GITVAULT_BENCH phase=read.blob_fetch ms=645.422
GITVAULT_BENCH phase=read.blob_decrypt_verify ms=0.162

scenario=ycsb-c operation=read dataset_files=10 sequence=26 returncode=0 total_ms=9998.004
GITVAULT_BENCH phase=auth.kdf_identity ms=193.603
GITVAULT_BENCH phase=preflight.outbox_replay ms=0.060
GITVAULT_BENCH phase=preflight.cloud_head_fetch ms=1597.984
GITVAULT_BENCH phase=preflight.relay_fetch_r2 ms=2481.916
GITVAULT_BENCH phase=preflight.checkpoint_evaluation ms=0.771
GITVAULT_BENCH phase=preflight.total ms=4088.029
GITVAULT_BENCH phase=read.path_resolution ms=3659.223
GITVAULT_BENCH phase=read.blob_fetch ms=658.804
GITVAULT_BENCH phase=read.blob_decrypt_verify ms=0.210

scenario=ycsb-c operation=read dataset_files=10 sequence=27 returncode=0 total_ms=9815.416
GITVAULT_BENCH phase=auth.kdf_identity ms=180.923
GITVAULT_BENCH phase=preflight.outbox_replay ms=0.120
GITVAULT_BENCH phase=preflight.cloud_head_fetch ms=1527.896
GITVAULT_BENCH phase=preflight.relay_fetch_r2 ms=2562.642
GITVAULT_BENCH phase=preflight.checkpoint_evaluation ms=0.775
GITVAULT_BENCH phase=preflight.total ms=4097.447
GITVAULT_BENCH phase=read.path_resolution ms=3672.443
GITVAULT_BENCH phase=read.blob_fetch ms=574.948
GITVAULT_BENCH phase=read.blob_decrypt_verify ms=0.208

scenario=ycsb-b operation=read dataset_files=10 sequence=28 returncode=0 total_ms=9109.514
GITVAULT_BENCH phase=auth.kdf_identity ms=180.381
GITVAULT_BENCH phase=preflight.outbox_replay ms=0.069
GITVAULT_BENCH phase=preflight.cloud_head_fetch ms=781.853
GITVAULT_BENCH phase=preflight.relay_fetch_r2 ms=2345.708
GITVAULT_BENCH phase=preflight.checkpoint_evaluation ms=0.787
GITVAULT_BENCH phase=preflight.total ms=3135.245
GITVAULT_BENCH phase=read.path_resolution ms=3772.490
GITVAULT_BENCH phase=read.blob_fetch ms=652.876
GITVAULT_BENCH phase=read.blob_decrypt_verify ms=0.222

scenario=ycsb-b operation=read dataset_files=10 sequence=29 returncode=0 total_ms=9082.573
GITVAULT_BENCH phase=auth.kdf_identity ms=183.303
GITVAULT_BENCH phase=preflight.outbox_replay ms=0.070
GITVAULT_BENCH phase=preflight.cloud_head_fetch ms=506.715
GITVAULT_BENCH phase=preflight.relay_fetch_r2 ms=2279.987
GITVAULT_BENCH phase=preflight.checkpoint_evaluation ms=0.783
GITVAULT_BENCH phase=preflight.total ms=2793.485
GITVAULT_BENCH phase=read.path_resolution ms=4116.842
GITVAULT_BENCH phase=read.blob_fetch ms=642.534
GITVAULT_BENCH phase=read.blob_decrypt_verify ms=0.231

scenario=ycsb-b operation=update dataset_files=10 sequence=30 returncode=0 total_ms=26987.715

Uploading Blob objects: 1/1 (100.0%)commit=7ff30e17508006779d966736645b41e21cffce75054169b741c17eed8b58fd99
GITVAULT_BENCH phase=auth.kdf_identity ms=205.665
GITVAULT_BENCH phase=preflight.outbox_replay ms=0.072
GITVAULT_BENCH phase=preflight.cloud_head_fetch ms=1645.121
GITVAULT_BENCH phase=preflight.relay_fetch_r2 ms=2915.557
GITVAULT_BENCH phase=preflight.checkpoint_evaluation ms=0.736
GITVAULT_BENCH phase=write.preflight ms=4567.482

Uploading Tree objects... hash=399355558743af4f14da2f9508429f892c73e5cddbef27ac4af332c9caf5d839 | size: 716 bytes

Uploading Tree objects... hash=68bca4bee47121df4bea9ab38dc52b85c62f77595ad175b09f87b4d98d002f16 | size: 103 bytes

Uploading Tree objects... hash=2486ae73c7649603fe1259eac4f441a29cae60624c1cd9c49e96d2e85569293e | size: 56 bytes

Uploading Tree objects... hash=899b20fc3b25ed0148274368f171480a2e8847f4756c9d4020ca0a476ccba164 | size: 69 bytes
GITVAULT_BENCH phase=write.object_prepare_upload ms=9370.894
GITVAULT_BENCH phase=write.head_journal ms=1.732
GITVAULT_BENCH phase=preflight.outbox_replay ms=0.218
GITVAULT_BENCH phase=preflight.cloud_head_fetch ms=465.476
GITVAULT_BENCH phase=preflight.relay_fetch_r2 ms=3475.921
GITVAULT_BENCH phase=preflight.checkpoint_evaluation ms=0.495
GITVAULT_BENCH phase=commit.cloud_head_recheck ms=451.769
GITVAULT_BENCH phase=commit.dropbox_cas ms=952.140
GITVAULT_BENCH phase=commit.dropbox_readback ms=383.508
GITVAULT_BENCH phase=commit.checkpoint_create_journal ms=2.543
GITVAULT_BENCH phase=commit.checkpoint_publish_w2 ms=2272.323
GITVAULT_BENCH phase=commit.local_finalize ms=1.865
GITVAULT_BENCH phase=preflight.cloud_head_fetch ms=370.550
GITVAULT_BENCH phase=preflight.relay_fetch_r2 ms=2286.569
GITVAULT_BENCH phase=preflight.checkpoint_evaluation ms=1.103
GITVAULT_BENCH phase=write.cas_checkpoint_finalize ms=10675.472

scenario=ycsb-b operation=read dataset_files=10 sequence=31 returncode=0 total_ms=9219.192
GITVAULT_BENCH phase=auth.kdf_identity ms=177.471
GITVAULT_BENCH phase=preflight.outbox_replay ms=0.069
GITVAULT_BENCH phase=preflight.cloud_head_fetch ms=613.154
GITVAULT_BENCH phase=preflight.relay_fetch_r2 ms=2494.108
GITVAULT_BENCH phase=preflight.checkpoint_evaluation ms=0.804
GITVAULT_BENCH phase=preflight.total ms=3113.704
GITVAULT_BENCH phase=read.path_resolution ms=3886.589
GITVAULT_BENCH phase=read.blob_fetch ms=691.097
GITVAULT_BENCH phase=read.blob_decrypt_verify ms=0.202

scenario=ycsb-b operation=read dataset_files=10 sequence=32 returncode=0 total_ms=9429.727
GITVAULT_BENCH phase=auth.kdf_identity ms=195.221
GITVAULT_BENCH phase=preflight.outbox_replay ms=0.070
GITVAULT_BENCH phase=preflight.cloud_head_fetch ms=630.245
GITVAULT_BENCH phase=preflight.relay_fetch_r2 ms=2579.996
GITVAULT_BENCH phase=preflight.checkpoint_evaluation ms=1.185
GITVAULT_BENCH phase=preflight.total ms=3218.317
GITVAULT_BENCH phase=read.path_resolution ms=3953.696
GITVAULT_BENCH phase=read.blob_fetch ms=617.392
GITVAULT_BENCH phase=read.blob_decrypt_verify ms=0.204

scenario=ycsb-b operation=read dataset_files=10 sequence=33 returncode=0 total_ms=10530.210
GITVAULT_BENCH phase=auth.kdf_identity ms=178.025
GITVAULT_BENCH phase=preflight.outbox_replay ms=0.082
GITVAULT_BENCH phase=preflight.cloud_head_fetch ms=1096.046
GITVAULT_BENCH phase=preflight.relay_fetch_r2 ms=2369.743
GITVAULT_BENCH phase=preflight.checkpoint_evaluation ms=0.754
GITVAULT_BENCH phase=preflight.total ms=3471.922
GITVAULT_BENCH phase=read.path_resolution ms=4819.551
GITVAULT_BENCH phase=read.blob_fetch ms=668.939
GITVAULT_BENCH phase=read.blob_decrypt_verify ms=0.199

scenario=ycsb-b operation=read dataset_files=10 sequence=34 returncode=0 total_ms=9393.328
GITVAULT_BENCH phase=auth.kdf_identity ms=184.342
GITVAULT_BENCH phase=preflight.outbox_replay ms=0.071
GITVAULT_BENCH phase=preflight.cloud_head_fetch ms=446.389
GITVAULT_BENCH phase=preflight.relay_fetch_r2 ms=2586.335
GITVAULT_BENCH phase=preflight.checkpoint_evaluation ms=1.274
GITVAULT_BENCH phase=preflight.total ms=3040.171
GITVAULT_BENCH phase=read.path_resolution ms=3818.127
GITVAULT_BENCH phase=read.blob_fetch ms=646.021
GITVAULT_BENCH phase=read.blob_decrypt_verify ms=0.216

scenario=ycsb-b operation=read dataset_files=10 sequence=35 returncode=0 total_ms=10300.021
GITVAULT_BENCH phase=auth.kdf_identity ms=186.049
GITVAULT_BENCH phase=preflight.outbox_replay ms=0.070
GITVAULT_BENCH phase=preflight.cloud_head_fetch ms=501.393
GITVAULT_BENCH phase=preflight.relay_fetch_r2 ms=2609.943
GITVAULT_BENCH phase=preflight.checkpoint_evaluation ms=0.751
GITVAULT_BENCH phase=preflight.total ms=3117.944
GITVAULT_BENCH phase=read.path_resolution ms=4804.411
GITVAULT_BENCH phase=read.blob_fetch ms=663.366
GITVAULT_BENCH phase=read.blob_decrypt_verify ms=0.195

scenario=ycsb-b operation=read dataset_files=10 sequence=36 returncode=0 total_ms=9206.447
GITVAULT_BENCH phase=auth.kdf_identity ms=193.298
GITVAULT_BENCH phase=preflight.outbox_replay ms=0.070
GITVAULT_BENCH phase=preflight.cloud_head_fetch ms=716.798
GITVAULT_BENCH phase=preflight.relay_fetch_r2 ms=2404.137
GITVAULT_BENCH phase=preflight.checkpoint_evaluation ms=0.763
GITVAULT_BENCH phase=preflight.total ms=3127.489
GITVAULT_BENCH phase=read.path_resolution ms=3630.710
GITVAULT_BENCH phase=read.blob_fetch ms=753.139
GITVAULT_BENCH phase=read.blob_decrypt_verify ms=0.183

scenario=ycsb-b operation=read dataset_files=10 sequence=37 returncode=0 total_ms=10025.945
GITVAULT_BENCH phase=auth.kdf_identity ms=197.417
GITVAULT_BENCH phase=preflight.outbox_replay ms=0.077
GITVAULT_BENCH phase=preflight.cloud_head_fetch ms=607.140
GITVAULT_BENCH phase=preflight.relay_fetch_r2 ms=2455.261
GITVAULT_BENCH phase=preflight.checkpoint_evaluation ms=0.754
GITVAULT_BENCH phase=preflight.total ms=3068.690
GITVAULT_BENCH phase=read.path_resolution ms=4749.269
GITVAULT_BENCH phase=read.blob_fetch ms=602.039
GITVAULT_BENCH phase=read.blob_decrypt_verify ms=0.204

scenario=ycsb-b operation=read dataset_files=10 sequence=38 returncode=0 total_ms=10581.157
GITVAULT_BENCH phase=auth.kdf_identity ms=199.908
GITVAULT_BENCH phase=preflight.outbox_replay ms=0.083
GITVAULT_BENCH phase=preflight.cloud_head_fetch ms=488.942
GITVAULT_BENCH phase=preflight.relay_fetch_r2 ms=2457.907
GITVAULT_BENCH phase=preflight.checkpoint_evaluation ms=0.783
GITVAULT_BENCH phase=preflight.total ms=2953.462
GITVAULT_BENCH phase=read.path_resolution ms=5363.465
GITVAULT_BENCH phase=read.blob_fetch ms=620.328
GITVAULT_BENCH phase=read.blob_decrypt_verify ms=0.177

scenario=ycsb-b operation=read dataset_files=10 sequence=39 returncode=0 total_ms=10013.893
GITVAULT_BENCH phase=auth.kdf_identity ms=202.499
GITVAULT_BENCH phase=preflight.outbox_replay ms=0.076
GITVAULT_BENCH phase=preflight.cloud_head_fetch ms=568.298
GITVAULT_BENCH phase=preflight.relay_fetch_r2 ms=2370.177
GITVAULT_BENCH phase=preflight.checkpoint_evaluation ms=0.762
GITVAULT_BENCH phase=preflight.total ms=2945.383
GITVAULT_BENCH phase=read.path_resolution ms=4880.440
GITVAULT_BENCH phase=read.blob_fetch ms=622.996
GITVAULT_BENCH phase=read.blob_decrypt_verify ms=0.195

scenario=ycsb-b operation=read dataset_files=10 sequence=40 returncode=0 total_ms=9844.686
GITVAULT_BENCH phase=auth.kdf_identity ms=190.140
GITVAULT_BENCH phase=preflight.outbox_replay ms=0.071
GITVAULT_BENCH phase=preflight.cloud_head_fetch ms=645.515
GITVAULT_BENCH phase=preflight.relay_fetch_r2 ms=2255.538
GITVAULT_BENCH phase=preflight.checkpoint_evaluation ms=1.157
GITVAULT_BENCH phase=preflight.total ms=2907.948
GITVAULT_BENCH phase=read.path_resolution ms=4622.947
GITVAULT_BENCH phase=read.blob_fetch ms=617.418
GITVAULT_BENCH phase=read.blob_decrypt_verify ms=0.196

scenario=ycsb-b operation=read dataset_files=10 sequence=41 returncode=0 total_ms=10276.031
GITVAULT_BENCH phase=auth.kdf_identity ms=194.071
GITVAULT_BENCH phase=preflight.outbox_replay ms=0.068
GITVAULT_BENCH phase=preflight.cloud_head_fetch ms=455.055
GITVAULT_BENCH phase=preflight.relay_fetch_r2 ms=2485.612
GITVAULT_BENCH phase=preflight.checkpoint_evaluation ms=1.319
GITVAULT_BENCH phase=preflight.total ms=2948.533
GITVAULT_BENCH phase=read.path_resolution ms=3820.133
GITVAULT_BENCH phase=read.blob_fetch ms=1724.171
GITVAULT_BENCH phase=read.blob_decrypt_verify ms=0.213

scenario=ycsb-b operation=read dataset_files=10 sequence=42 returncode=0 total_ms=9752.124
GITVAULT_BENCH phase=auth.kdf_identity ms=183.167
GITVAULT_BENCH phase=preflight.outbox_replay ms=0.070
GITVAULT_BENCH phase=preflight.cloud_head_fetch ms=514.947
GITVAULT_BENCH phase=preflight.relay_fetch_r2 ms=2184.619
GITVAULT_BENCH phase=preflight.checkpoint_evaluation ms=0.752
GITVAULT_BENCH phase=preflight.total ms=2706.388
GITVAULT_BENCH phase=read.path_resolution ms=4618.751
GITVAULT_BENCH phase=read.blob_fetch ms=625.374
GITVAULT_BENCH phase=read.blob_decrypt_verify ms=0.165

scenario=ycsb-b operation=read dataset_files=10 sequence=43 returncode=0 total_ms=9921.021
GITVAULT_BENCH phase=auth.kdf_identity ms=197.906
GITVAULT_BENCH phase=preflight.outbox_replay ms=0.069
GITVAULT_BENCH phase=preflight.cloud_head_fetch ms=449.750
GITVAULT_BENCH phase=preflight.relay_fetch_r2 ms=2526.908
GITVAULT_BENCH phase=preflight.checkpoint_evaluation ms=1.328
GITVAULT_BENCH phase=preflight.total ms=2985.132
GITVAULT_BENCH phase=read.path_resolution ms=4744.931
GITVAULT_BENCH phase=read.blob_fetch ms=597.505
GITVAULT_BENCH phase=read.blob_decrypt_verify ms=0.201

scenario=ycsb-b operation=read dataset_files=10 sequence=44 returncode=0 total_ms=9990.792
GITVAULT_BENCH phase=auth.kdf_identity ms=212.534
GITVAULT_BENCH phase=preflight.outbox_replay ms=0.074
GITVAULT_BENCH phase=preflight.cloud_head_fetch ms=468.024
GITVAULT_BENCH phase=preflight.relay_fetch_r2 ms=2376.741
GITVAULT_BENCH phase=preflight.checkpoint_evaluation ms=0.789
GITVAULT_BENCH phase=preflight.total ms=2851.938
GITVAULT_BENCH phase=read.path_resolution ms=4798.551
GITVAULT_BENCH phase=read.blob_fetch ms=691.543
GITVAULT_BENCH phase=read.blob_decrypt_verify ms=0.204

scenario=ycsb-b operation=read dataset_files=10 sequence=45 returncode=0 total_ms=12030.525
GITVAULT_BENCH phase=auth.kdf_identity ms=196.536
GITVAULT_BENCH phase=preflight.outbox_replay ms=0.070
GITVAULT_BENCH phase=preflight.cloud_head_fetch ms=529.988
GITVAULT_BENCH phase=preflight.relay_fetch_r2 ms=2335.129
GITVAULT_BENCH phase=preflight.checkpoint_evaluation ms=0.601
GITVAULT_BENCH phase=preflight.total ms=2871.307
GITVAULT_BENCH phase=read.path_resolution ms=4515.787
GITVAULT_BENCH phase=read.blob_fetch ms=715.717
GITVAULT_BENCH phase=read.blob_decrypt_verify ms=0.198

scenario=ycsb-b operation=read dataset_files=10 sequence=46 returncode=0 total_ms=10405.863
GITVAULT_BENCH phase=auth.kdf_identity ms=188.544
GITVAULT_BENCH phase=preflight.outbox_replay ms=0.069
GITVAULT_BENCH phase=preflight.cloud_head_fetch ms=1636.251
GITVAULT_BENCH phase=preflight.relay_fetch_r2 ms=2580.575
GITVAULT_BENCH phase=preflight.checkpoint_evaluation ms=0.696
GITVAULT_BENCH phase=preflight.total ms=4223.623
GITVAULT_BENCH phase=read.path_resolution ms=4039.050
GITVAULT_BENCH phase=read.blob_fetch ms=614.633
GITVAULT_BENCH phase=read.blob_decrypt_verify ms=0.333

scenario=ycsb-b operation=read dataset_files=10 sequence=47 returncode=0 total_ms=9089.981
GITVAULT_BENCH phase=auth.kdf_identity ms=180.053
GITVAULT_BENCH phase=preflight.outbox_replay ms=0.067
GITVAULT_BENCH phase=preflight.cloud_head_fetch ms=633.949
GITVAULT_BENCH phase=preflight.relay_fetch_r2 ms=2282.791
GITVAULT_BENCH phase=preflight.checkpoint_evaluation ms=0.440
GITVAULT_BENCH phase=preflight.total ms=2921.320
GITVAULT_BENCH phase=read.path_resolution ms=3685.390
GITVAULT_BENCH phase=read.blob_fetch ms=747.917
GITVAULT_BENCH phase=read.blob_decrypt_verify ms=0.163

scenario=ycsb-a operation=update dataset_files=10 sequence=48 returncode=0 total_ms=25923.856

Uploading Blob objects: 1/1 (100.0%)commit=c6bc0b98d55222a64c6627fcd8709c163cc612f0353d82179eeeb1382973bc3a
GITVAULT_BENCH phase=auth.kdf_identity ms=195.322
GITVAULT_BENCH phase=preflight.outbox_replay ms=0.068
GITVAULT_BENCH phase=preflight.cloud_head_fetch ms=623.465
GITVAULT_BENCH phase=preflight.relay_fetch_r2 ms=2305.157
GITVAULT_BENCH phase=preflight.checkpoint_evaluation ms=0.776
GITVAULT_BENCH phase=write.preflight ms=2934.917

Uploading Tree objects... hash=6cfbedc49eef95f9540cad7d67d88a231ddfa1467bdd4c0ddb614173b1aaa658 | size: 716 bytes

Uploading Tree objects... hash=137fb9a330745983be2105cee021b77708d6f53006ec5543fb007703379fa33d | size: 103 bytes

Uploading Tree objects... hash=0403715513d8cc2fff46be463c12fcaa4c244b6d6771102d189cc5da646b05bb | size: 56 bytes

Uploading Tree objects... hash=cb49eb967f3d41cc06511c75cc3397cc02f6ab2e3decc66afaebb5f5343abfad | size: 69 bytes
GITVAULT_BENCH phase=write.object_prepare_upload ms=9580.813
GITVAULT_BENCH phase=write.head_journal ms=2.107
GITVAULT_BENCH phase=preflight.outbox_replay ms=0.331
GITVAULT_BENCH phase=preflight.cloud_head_fetch ms=388.454
GITVAULT_BENCH phase=preflight.relay_fetch_r2 ms=2326.039
GITVAULT_BENCH phase=preflight.checkpoint_evaluation ms=1.257
GITVAULT_BENCH phase=commit.cloud_head_recheck ms=1508.980
GITVAULT_BENCH phase=commit.dropbox_cas ms=921.179
GITVAULT_BENCH phase=commit.dropbox_readback ms=391.119
GITVAULT_BENCH phase=commit.checkpoint_create_journal ms=2.830
GITVAULT_BENCH phase=commit.checkpoint_publish_w2 ms=2427.718
GITVAULT_BENCH phase=commit.local_finalize ms=4.589
GITVAULT_BENCH phase=preflight.cloud_head_fetch ms=495.466
GITVAULT_BENCH phase=preflight.relay_fetch_r2 ms=2407.060
GITVAULT_BENCH phase=preflight.checkpoint_evaluation ms=0.649
GITVAULT_BENCH phase=write.cas_checkpoint_finalize ms=10892.175

scenario=ycsb-a operation=read dataset_files=10 sequence=49 returncode=0 total_ms=11957.207
GITVAULT_BENCH phase=auth.kdf_identity ms=182.597
GITVAULT_BENCH phase=preflight.outbox_replay ms=0.092
GITVAULT_BENCH phase=preflight.cloud_head_fetch ms=574.370
GITVAULT_BENCH phase=preflight.relay_fetch_r2 ms=2393.532
GITVAULT_BENCH phase=preflight.checkpoint_evaluation ms=0.762
GITVAULT_BENCH phase=preflight.total ms=2975.056
GITVAULT_BENCH phase=read.path_resolution ms=6508.764
GITVAULT_BENCH phase=read.blob_fetch ms=693.542
GITVAULT_BENCH phase=read.blob_decrypt_verify ms=0.478

scenario=ycsb-a operation=update dataset_files=10 sequence=50 returncode=0 total_ms=26360.933

Uploading Blob objects: 1/1 (100.0%)commit=efd1a2c803683a0709cf6dcace19f2e34e94c578a3fe31df5ec9af1d119e94d1
GITVAULT_BENCH phase=auth.kdf_identity ms=186.444
GITVAULT_BENCH phase=preflight.outbox_replay ms=0.115
GITVAULT_BENCH phase=preflight.cloud_head_fetch ms=642.035
GITVAULT_BENCH phase=preflight.relay_fetch_r2 ms=2306.240
GITVAULT_BENCH phase=preflight.checkpoint_evaluation ms=0.766
GITVAULT_BENCH phase=write.preflight ms=2955.597

Uploading Tree objects... hash=866e4e2ee30a2abe9974ab8bbfbd73c40433a3a93457eef3709468cbe0ebce33 | size: 716 bytes

Uploading Tree objects... hash=731f66bd84966c048a70da57f5fbe345466763d887b0ef13094d65cd8c43490c | size: 103 bytes

Uploading Tree objects... hash=ef6cdad714baf742f313e079645ae84302dc77dad7d9cc639c369a0cb522dd87 | size: 56 bytes

Uploading Tree objects... hash=08a9cf36d4597ddfba722de2fab63d6ae46ba20dc1a9fc082d75b6b9482c1952 | size: 69 bytes
GITVAULT_BENCH phase=write.object_prepare_upload ms=9439.180
GITVAULT_BENCH phase=write.head_journal ms=2.455
GITVAULT_BENCH phase=preflight.outbox_replay ms=0.270
GITVAULT_BENCH phase=preflight.cloud_head_fetch ms=428.736
GITVAULT_BENCH phase=preflight.relay_fetch_r2 ms=2314.892
GITVAULT_BENCH phase=preflight.checkpoint_evaluation ms=0.689
GITVAULT_BENCH phase=commit.cloud_head_recheck ms=407.241
GITVAULT_BENCH phase=commit.dropbox_cas ms=781.039
GITVAULT_BENCH phase=commit.dropbox_readback ms=1430.382
GITVAULT_BENCH phase=commit.checkpoint_create_journal ms=2.754
GITVAULT_BENCH phase=commit.checkpoint_publish_w2 ms=2465.746
GITVAULT_BENCH phase=commit.local_finalize ms=4.161
GITVAULT_BENCH phase=preflight.cloud_head_fetch ms=381.814
GITVAULT_BENCH phase=preflight.relay_fetch_r2 ms=3544.610
GITVAULT_BENCH phase=preflight.checkpoint_evaluation ms=1.093
GITVAULT_BENCH phase=write.cas_checkpoint_finalize ms=11777.536

scenario=ycsb-a operation=read dataset_files=10 sequence=51 returncode=0 total_ms=9937.345
GITVAULT_BENCH phase=auth.kdf_identity ms=198.632
GITVAULT_BENCH phase=preflight.outbox_replay ms=0.070
GITVAULT_BENCH phase=preflight.cloud_head_fetch ms=470.691
GITVAULT_BENCH phase=preflight.relay_fetch_r2 ms=2380.111
GITVAULT_BENCH phase=preflight.checkpoint_evaluation ms=0.300
GITVAULT_BENCH phase=preflight.total ms=2853.881
GITVAULT_BENCH phase=read.path_resolution ms=4645.575
GITVAULT_BENCH phase=read.blob_fetch ms=765.520
GITVAULT_BENCH phase=read.blob_decrypt_verify ms=0.190

scenario=ycsb-a operation=update dataset_files=10 sequence=52 returncode=0 total_ms=24927.781

Uploading Blob objects: 1/1 (100.0%)commit=e4a4b14818144bb9d15fbe06736516066c7f8e955417cace8845c13e2a97e39c
GITVAULT_BENCH phase=auth.kdf_identity ms=179.317
GITVAULT_BENCH phase=preflight.outbox_replay ms=0.069
GITVAULT_BENCH phase=preflight.cloud_head_fetch ms=498.464
GITVAULT_BENCH phase=preflight.relay_fetch_r2 ms=2423.208
GITVAULT_BENCH phase=preflight.checkpoint_evaluation ms=0.791
GITVAULT_BENCH phase=write.preflight ms=2928.668

Uploading Tree objects... hash=1c6f3de6443525417c5ac03bbf9959393a7403a8cf7e82af1df158722425ff9f | size: 716 bytes

Uploading Tree objects... hash=86a6bdb884c7e6e2ccc4b52d4a4ca54eab434c8835f023722eafa0978df20e2c | size: 103 bytes

Uploading Tree objects... hash=f64f9ae92f6f9a91a68a9075167da0f6158c0b338b73821a2cfa3413b9eb250d | size: 56 bytes

Uploading Tree objects... hash=c2b8d75290a537c457dc14748cef44669a4b2a33ccdff58d246304a9e92ddb08 | size: 69 bytes
GITVAULT_BENCH phase=write.object_prepare_upload ms=9554.296
GITVAULT_BENCH phase=write.head_journal ms=1.152
GITVAULT_BENCH phase=preflight.outbox_replay ms=0.238
GITVAULT_BENCH phase=preflight.cloud_head_fetch ms=409.928
GITVAULT_BENCH phase=preflight.relay_fetch_r2 ms=2470.320
GITVAULT_BENCH phase=preflight.checkpoint_evaluation ms=0.656
GITVAULT_BENCH phase=commit.cloud_head_recheck ms=352.084
GITVAULT_BENCH phase=commit.dropbox_cas ms=937.795
GITVAULT_BENCH phase=commit.dropbox_readback ms=385.174
GITVAULT_BENCH phase=commit.checkpoint_create_journal ms=2.486
GITVAULT_BENCH phase=commit.checkpoint_publish_w2 ms=2399.534
GITVAULT_BENCH phase=commit.local_finalize ms=4.517
GITVAULT_BENCH phase=preflight.cloud_head_fetch ms=482.686
GITVAULT_BENCH phase=preflight.relay_fetch_r2 ms=2458.576
GITVAULT_BENCH phase=preflight.checkpoint_evaluation ms=1.162
GITVAULT_BENCH phase=write.cas_checkpoint_finalize ms=9918.722

scenario=ycsb-a operation=update dataset_files=10 sequence=53 returncode=0 total_ms=25974.557

Uploading Blob objects: 1/1 (100.0%)commit=24aafd6593dcd3e84123d93457ecbfe418468f4f372535943adcf382c62e7df4
GITVAULT_BENCH phase=auth.kdf_identity ms=193.619
GITVAULT_BENCH phase=preflight.outbox_replay ms=0.069
GITVAULT_BENCH phase=preflight.cloud_head_fetch ms=637.911
GITVAULT_BENCH phase=preflight.relay_fetch_r2 ms=2338.281
GITVAULT_BENCH phase=preflight.checkpoint_evaluation ms=1.113
GITVAULT_BENCH phase=write.preflight ms=2982.697

Uploading Tree objects... hash=b46e72c57c316375c29adba5eae7864fd7849918b428f6878fa493f34cee7887 | size: 716 bytes

Uploading Tree objects... hash=8e087f08d046a7f79fe7581f562b4b7f31ac1314c5edca9a1f29139a19358293 | size: 103 bytes

Uploading Tree objects... hash=70a6c03b2e331b1f5a885bd59560eb14d6170e265931cf24cdc356f884f336ce | size: 56 bytes

Uploading Tree objects... hash=c922fb3767d83941d8f027d39371725b60cd95aebd3c7543b0fe563af2910c39 | size: 69 bytes
GITVAULT_BENCH phase=write.object_prepare_upload ms=9893.945
GITVAULT_BENCH phase=write.head_journal ms=1.869
GITVAULT_BENCH phase=preflight.outbox_replay ms=0.275
GITVAULT_BENCH phase=preflight.cloud_head_fetch ms=354.412
GITVAULT_BENCH phase=preflight.relay_fetch_r2 ms=2399.398
GITVAULT_BENCH phase=preflight.checkpoint_evaluation ms=0.641
GITVAULT_BENCH phase=commit.cloud_head_recheck ms=366.246
GITVAULT_BENCH phase=commit.dropbox_cas ms=969.813
GITVAULT_BENCH phase=commit.dropbox_readback ms=1434.359
GITVAULT_BENCH phase=commit.checkpoint_create_journal ms=2.925
GITVAULT_BENCH phase=commit.checkpoint_publish_w2 ms=2289.006
GITVAULT_BENCH phase=commit.local_finalize ms=4.181
GITVAULT_BENCH phase=preflight.cloud_head_fetch ms=412.599
GITVAULT_BENCH phase=preflight.relay_fetch_r2 ms=2501.704
GITVAULT_BENCH phase=preflight.checkpoint_evaluation ms=0.647
GITVAULT_BENCH phase=write.cas_checkpoint_finalize ms=10747.807

scenario=ycsb-a operation=update dataset_files=10 sequence=54 returncode=0 total_ms=25768.433

Uploading Blob objects: 1/1 (100.0%)commit=c8ecd9472c9e3344d598ea19f1626494234e3526685a6d772bd1c0165954e9f3
GITVAULT_BENCH phase=auth.kdf_identity ms=199.543
GITVAULT_BENCH phase=preflight.outbox_replay ms=0.072
GITVAULT_BENCH phase=preflight.cloud_head_fetch ms=508.381
GITVAULT_BENCH phase=preflight.relay_fetch_r2 ms=2567.398
GITVAULT_BENCH phase=preflight.checkpoint_evaluation ms=0.763
GITVAULT_BENCH phase=write.preflight ms=3082.099

Uploading Tree objects... hash=25b61b0f8cecc3698ae16941203ebf1de6bdee1bc61a37a75bffda24542b617d | size: 716 bytes

Uploading Tree objects... hash=a9582734f3db6bb2495ccf7ea53668716d4d164aba15dcd912864ecf13255ec4 | size: 103 bytes

Uploading Tree objects... hash=51f47c826c5b9290c6958e914e2bec70dbf26c765065867c76e5aeb6f7f9cffa | size: 56 bytes

Uploading Tree objects... hash=46ef20e854e4952f50de25074b82b357a73a7c89e60e45ce75cc9b1d44346405 | size: 69 bytes
GITVAULT_BENCH phase=write.object_prepare_upload ms=8903.427
GITVAULT_BENCH phase=write.head_journal ms=1.962
GITVAULT_BENCH phase=preflight.outbox_replay ms=0.264
GITVAULT_BENCH phase=preflight.cloud_head_fetch ms=463.838
GITVAULT_BENCH phase=preflight.relay_fetch_r2 ms=2638.218
GITVAULT_BENCH phase=preflight.checkpoint_evaluation ms=0.682
GITVAULT_BENCH phase=commit.cloud_head_recheck ms=1473.232
GITVAULT_BENCH phase=commit.dropbox_cas ms=1106.473
GITVAULT_BENCH phase=commit.dropbox_readback ms=365.518
GITVAULT_BENCH phase=commit.checkpoint_create_journal ms=2.494
GITVAULT_BENCH phase=commit.checkpoint_publish_w2 ms=2368.593
GITVAULT_BENCH phase=commit.local_finalize ms=4.326
GITVAULT_BENCH phase=preflight.cloud_head_fetch ms=617.262
GITVAULT_BENCH phase=preflight.relay_fetch_r2 ms=2473.401
GITVAULT_BENCH phase=preflight.checkpoint_evaluation ms=0.646
GITVAULT_BENCH phase=write.cas_checkpoint_finalize ms=11526.481

scenario=ycsb-a operation=update dataset_files=10 sequence=55 returncode=0 total_ms=25605.932

Uploading Blob objects: 1/1 (100.0%)commit=6f76f2fdc8724975fe70513b14d4192bed63f2d18f2f24c2d38cc28bced0c737
GITVAULT_BENCH phase=auth.kdf_identity ms=184.894
GITVAULT_BENCH phase=preflight.outbox_replay ms=0.072
GITVAULT_BENCH phase=preflight.cloud_head_fetch ms=622.496
GITVAULT_BENCH phase=preflight.relay_fetch_r2 ms=2453.892
GITVAULT_BENCH phase=preflight.checkpoint_evaluation ms=0.755
GITVAULT_BENCH phase=write.preflight ms=3083.437

Uploading Tree objects... hash=3609f48c4a57a93c95b9e4fab068fbbf9ff64e97a87ecaeaa7dc55495dc28efc | size: 716 bytes

Uploading Tree objects... hash=c7f654fc80044d4313ed5b977fb255e52641e499c65c0b2707233ff7337bbf36 | size: 103 bytes

Uploading Tree objects... hash=fdd0cebde10bb26ce2f1fd38d80bfb1f12a8d1e3966cb928a0874be62f4ea4d6 | size: 56 bytes

Uploading Tree objects... hash=a4c8846c0b25d5293e997078927eeba96cb5c8073c3bd797c1ccee9fa85cc8ca | size: 69 bytes
GITVAULT_BENCH phase=write.object_prepare_upload ms=8696.912
GITVAULT_BENCH phase=write.head_journal ms=5.047
GITVAULT_BENCH phase=preflight.outbox_replay ms=0.360
GITVAULT_BENCH phase=preflight.cloud_head_fetch ms=508.079
GITVAULT_BENCH phase=preflight.relay_fetch_r2 ms=2430.483
GITVAULT_BENCH phase=preflight.checkpoint_evaluation ms=0.690
GITVAULT_BENCH phase=commit.cloud_head_recheck ms=403.691
GITVAULT_BENCH phase=commit.dropbox_cas ms=949.600
GITVAULT_BENCH phase=commit.dropbox_readback ms=409.021
GITVAULT_BENCH phase=commit.checkpoint_create_journal ms=3.148
GITVAULT_BENCH phase=commit.checkpoint_publish_w2 ms=2560.347
GITVAULT_BENCH phase=commit.local_finalize ms=4.250
GITVAULT_BENCH phase=preflight.cloud_head_fetch ms=366.267
GITVAULT_BENCH phase=preflight.relay_fetch_r2 ms=2282.802
GITVAULT_BENCH phase=preflight.checkpoint_evaluation ms=1.080
GITVAULT_BENCH phase=write.cas_checkpoint_finalize ms=9932.961

scenario=ycsb-a operation=update dataset_files=10 sequence=56 returncode=0 total_ms=24730.522

Uploading Blob objects: 1/1 (100.0%)commit=7e5e4e888eb106bb7c7e2db280f7683044b15dc4ef808b16e8640328843a137a
GITVAULT_BENCH phase=auth.kdf_identity ms=200.380
GITVAULT_BENCH phase=preflight.outbox_replay ms=0.066
GITVAULT_BENCH phase=preflight.cloud_head_fetch ms=440.896
GITVAULT_BENCH phase=preflight.relay_fetch_r2 ms=2507.036
GITVAULT_BENCH phase=preflight.checkpoint_evaluation ms=0.717
GITVAULT_BENCH phase=write.preflight ms=2955.574

Uploading Tree objects... hash=2712a88cedda18d9e79a7cda5c50050a8db1c66f24716a4f68625e90686e9783 | size: 716 bytes

Uploading Tree objects... hash=d99b9e8c4e2b0b75cd0172b22fc81f317a807116c5e77001eba7e9eca38c202d | size: 103 bytes

Uploading Tree objects... hash=2dda8f571f035039d9fedebb065d6100a23aa2ce0015b05dea762e4d1e50c61f | size: 56 bytes

Uploading Tree objects... hash=3c982f2beaaa3a4e3b8adb621995e89675c79cf5bc7081f896ae9364f0e28a61 | size: 69 bytes
GITVAULT_BENCH phase=write.object_prepare_upload ms=9441.795
GITVAULT_BENCH phase=write.head_journal ms=2.692
GITVAULT_BENCH phase=preflight.outbox_replay ms=0.254
GITVAULT_BENCH phase=preflight.cloud_head_fetch ms=508.864
GITVAULT_BENCH phase=preflight.relay_fetch_r2 ms=2388.392
GITVAULT_BENCH phase=preflight.checkpoint_evaluation ms=1.224
GITVAULT_BENCH phase=commit.cloud_head_recheck ms=471.037
GITVAULT_BENCH phase=commit.dropbox_cas ms=923.624
GITVAULT_BENCH phase=commit.dropbox_readback ms=426.044
GITVAULT_BENCH phase=commit.checkpoint_create_journal ms=3.807
GITVAULT_BENCH phase=commit.checkpoint_publish_w2 ms=2395.035
GITVAULT_BENCH phase=commit.local_finalize ms=4.481
GITVAULT_BENCH phase=preflight.cloud_head_fetch ms=420.090
GITVAULT_BENCH phase=preflight.relay_fetch_r2 ms=2424.183
GITVAULT_BENCH phase=preflight.checkpoint_evaluation ms=0.725
GITVAULT_BENCH phase=write.cas_checkpoint_finalize ms=9982.602

scenario=ycsb-a operation=update dataset_files=10 sequence=57 returncode=0 total_ms=23715.745

Uploading Blob objects: 1/1 (100.0%)commit=e3435f9f717960918d2c53860c504dbf97954516dd27ad8639b88fb94005e0ef
GITVAULT_BENCH phase=auth.kdf_identity ms=200.633
GITVAULT_BENCH phase=preflight.outbox_replay ms=0.059
GITVAULT_BENCH phase=preflight.cloud_head_fetch ms=1580.547
GITVAULT_BENCH phase=preflight.relay_fetch_r2 ms=2292.815
GITVAULT_BENCH phase=preflight.checkpoint_evaluation ms=0.744
GITVAULT_BENCH phase=write.preflight ms=3879.597

Uploading Tree objects... hash=6d072c3e4c6ac7c7ad03b38f910832ffcd63ea8a9f37912733eb83f9373b2d50 | size: 716 bytes

Uploading Tree objects... hash=f0f9365e659e1690e009dd71e52236500fa5ccf59f4fbc5d3e4897195b71c94a | size: 103 bytes

Uploading Tree objects... hash=8876b886f87d7638121e11a95166410c9256ec7465f1000c64527cf0c7c65072 | size: 56 bytes

Uploading Tree objects... hash=ab119c688d52bdfc2cba73f04a647b3c0ffdec27bf469b4ebf8436e1b6aba997 | size: 69 bytes
GITVAULT_BENCH phase=write.object_prepare_upload ms=7739.167
GITVAULT_BENCH phase=write.head_journal ms=0.973
GITVAULT_BENCH phase=preflight.outbox_replay ms=0.204
GITVAULT_BENCH phase=preflight.cloud_head_fetch ms=414.703
GITVAULT_BENCH phase=preflight.relay_fetch_r2 ms=2344.028
GITVAULT_BENCH phase=preflight.checkpoint_evaluation ms=1.222
GITVAULT_BENCH phase=commit.cloud_head_recheck ms=487.959
GITVAULT_BENCH phase=commit.dropbox_cas ms=903.781
GITVAULT_BENCH phase=commit.dropbox_readback ms=370.235
GITVAULT_BENCH phase=commit.checkpoint_create_journal ms=3.504
GITVAULT_BENCH phase=commit.checkpoint_publish_w2 ms=2392.830
GITVAULT_BENCH phase=commit.local_finalize ms=4.078
GITVAULT_BENCH phase=preflight.cloud_head_fetch ms=356.221
GITVAULT_BENCH phase=preflight.relay_fetch_r2 ms=2511.353
GITVAULT_BENCH phase=preflight.checkpoint_evaluation ms=1.043
GITVAULT_BENCH phase=write.cas_checkpoint_finalize ms=9807.869

scenario=ycsb-a operation=read dataset_files=10 sequence=58 returncode=0 total_ms=10815.521
GITVAULT_BENCH phase=auth.kdf_identity ms=200.329
GITVAULT_BENCH phase=preflight.outbox_replay ms=0.077
GITVAULT_BENCH phase=preflight.cloud_head_fetch ms=534.790
GITVAULT_BENCH phase=preflight.relay_fetch_r2 ms=2324.276
GITVAULT_BENCH phase=preflight.checkpoint_evaluation ms=1.420
GITVAULT_BENCH phase=preflight.total ms=2866.179
GITVAULT_BENCH phase=read.path_resolution ms=4113.898
GITVAULT_BENCH phase=read.blob_fetch ms=2178.504
GITVAULT_BENCH phase=read.blob_decrypt_verify ms=0.195

scenario=ycsb-a operation=read dataset_files=10 sequence=59 returncode=0 total_ms=10096.536
GITVAULT_BENCH phase=auth.kdf_identity ms=196.812
GITVAULT_BENCH phase=preflight.outbox_replay ms=0.071
GITVAULT_BENCH phase=preflight.cloud_head_fetch ms=549.276
GITVAULT_BENCH phase=preflight.relay_fetch_r2 ms=2476.194
GITVAULT_BENCH phase=preflight.checkpoint_evaluation ms=0.732
GITVAULT_BENCH phase=preflight.total ms=3032.091
GITVAULT_BENCH phase=read.path_resolution ms=4780.863
GITVAULT_BENCH phase=read.blob_fetch ms=631.581
GITVAULT_BENCH phase=read.blob_decrypt_verify ms=0.883

scenario=ycsb-a operation=update dataset_files=10 sequence=60 returncode=0 total_ms=24921.426

Uploading Blob objects: 1/1 (100.0%)commit=fde2c8ad7cd2576b88f320bca017a6b32de3f4e1697466fa88e08381ce8a8355
GITVAULT_BENCH phase=auth.kdf_identity ms=187.131
GITVAULT_BENCH phase=preflight.outbox_replay ms=0.062
GITVAULT_BENCH phase=preflight.cloud_head_fetch ms=434.348
GITVAULT_BENCH phase=preflight.relay_fetch_r2 ms=2603.795
GITVAULT_BENCH phase=preflight.checkpoint_evaluation ms=0.789
GITVAULT_BENCH phase=write.preflight ms=3045.025

Uploading Tree objects... hash=e64ea26a6c5eae49c267401000224c5a9f54963a4837b8b7f31ad8625d0fa1c5 | size: 716 bytes

Uploading Tree objects... hash=b65fac8cc3c176f592ef97937a13c857e3df38f0f525d8b31e18d15836f8dd8d | size: 103 bytes

Uploading Tree objects... hash=1ecceb956d58d40e91345dc1a43600d396519a7d63d6a2e2c52ec54c3e8f30fa | size: 56 bytes

Uploading Tree objects... hash=6d2bcd206cdef5f9992ab77542c6abe2f0b7c9eb983059219c1c7641c5edc0bf | size: 69 bytes
GITVAULT_BENCH phase=write.object_prepare_upload ms=8826.515
GITVAULT_BENCH phase=write.head_journal ms=2.608
GITVAULT_BENCH phase=preflight.outbox_replay ms=0.295
GITVAULT_BENCH phase=preflight.cloud_head_fetch ms=431.309
GITVAULT_BENCH phase=preflight.relay_fetch_r2 ms=2343.309
GITVAULT_BENCH phase=preflight.checkpoint_evaluation ms=0.736
GITVAULT_BENCH phase=commit.cloud_head_recheck ms=414.726
GITVAULT_BENCH phase=commit.dropbox_cas ms=1025.520
GITVAULT_BENCH phase=commit.dropbox_readback ms=1457.492
GITVAULT_BENCH phase=commit.checkpoint_create_journal ms=2.799
GITVAULT_BENCH phase=commit.checkpoint_publish_w2 ms=2204.571
GITVAULT_BENCH phase=commit.local_finalize ms=2.567
GITVAULT_BENCH phase=preflight.cloud_head_fetch ms=457.169
GITVAULT_BENCH phase=preflight.relay_fetch_r2 ms=2426.762
GITVAULT_BENCH phase=preflight.checkpoint_evaluation ms=0.408
GITVAULT_BENCH phase=write.cas_checkpoint_finalize ms=10779.388

scenario=ycsb-a operation=read dataset_files=10 sequence=61 returncode=0 total_ms=10476.674
GITVAULT_BENCH phase=auth.kdf_identity ms=174.156
GITVAULT_BENCH phase=preflight.outbox_replay ms=0.073
GITVAULT_BENCH phase=preflight.cloud_head_fetch ms=458.596
GITVAULT_BENCH phase=preflight.relay_fetch_r2 ms=2387.135
GITVAULT_BENCH phase=preflight.checkpoint_evaluation ms=0.760
GITVAULT_BENCH phase=preflight.total ms=2852.461
GITVAULT_BENCH phase=read.path_resolution ms=5201.749
GITVAULT_BENCH phase=read.blob_fetch ms=685.734
GITVAULT_BENCH phase=read.blob_decrypt_verify ms=0.164

scenario=ycsb-a operation=read dataset_files=10 sequence=62 returncode=0 total_ms=8632.673
GITVAULT_BENCH phase=auth.kdf_identity ms=184.833
GITVAULT_BENCH phase=preflight.outbox_replay ms=0.069
GITVAULT_BENCH phase=preflight.cloud_head_fetch ms=597.015
GITVAULT_BENCH phase=preflight.relay_fetch_r2 ms=2294.570
GITVAULT_BENCH phase=preflight.checkpoint_evaluation ms=1.258
GITVAULT_BENCH phase=preflight.total ms=2901.667
GITVAULT_BENCH phase=read.path_resolution ms=3586.391
GITVAULT_BENCH phase=read.blob_fetch ms=627.418
GITVAULT_BENCH phase=read.blob_decrypt_verify ms=0.462

scenario=ycsb-a operation=read dataset_files=10 sequence=63 returncode=0 total_ms=12452.373
GITVAULT_BENCH phase=auth.kdf_identity ms=187.549
GITVAULT_BENCH phase=preflight.outbox_replay ms=0.075
GITVAULT_BENCH phase=preflight.cloud_head_fetch ms=1749.449
GITVAULT_BENCH phase=preflight.relay_fetch_r2 ms=4712.829
GITVAULT_BENCH phase=preflight.checkpoint_evaluation ms=1.253
GITVAULT_BENCH phase=preflight.total ms=6469.900
GITVAULT_BENCH phase=read.path_resolution ms=3881.706
GITVAULT_BENCH phase=read.blob_fetch ms=591.285
GITVAULT_BENCH phase=read.blob_decrypt_verify ms=0.174

scenario=ycsb-a operation=read dataset_files=10 sequence=64 returncode=0 total_ms=9012.478
GITVAULT_BENCH phase=auth.kdf_identity ms=172.627
GITVAULT_BENCH phase=preflight.outbox_replay ms=0.072
GITVAULT_BENCH phase=preflight.cloud_head_fetch ms=532.840
GITVAULT_BENCH phase=preflight.relay_fetch_r2 ms=2301.264
GITVAULT_BENCH phase=preflight.checkpoint_evaluation ms=0.754
GITVAULT_BENCH phase=preflight.total ms=2840.897
GITVAULT_BENCH phase=read.path_resolution ms=4070.079
GITVAULT_BENCH phase=read.blob_fetch ms=685.703
GITVAULT_BENCH phase=read.blob_decrypt_verify ms=0.163

scenario=ycsb-a operation=read dataset_files=10 sequence=65 returncode=0 total_ms=10457.739
GITVAULT_BENCH phase=auth.kdf_identity ms=186.499
GITVAULT_BENCH phase=preflight.outbox_replay ms=0.075
GITVAULT_BENCH phase=preflight.cloud_head_fetch ms=541.801
GITVAULT_BENCH phase=preflight.relay_fetch_r2 ms=2943.343
GITVAULT_BENCH phase=preflight.checkpoint_evaluation ms=1.325
GITVAULT_BENCH phase=preflight.total ms=3493.021
GITVAULT_BENCH phase=read.path_resolution ms=4852.803
GITVAULT_BENCH phase=read.blob_fetch ms=606.014
GITVAULT_BENCH phase=read.blob_decrypt_verify ms=0.224

scenario=ycsb-a operation=read dataset_files=10 sequence=66 returncode=0 total_ms=13419.245
GITVAULT_BENCH phase=auth.kdf_identity ms=177.643
GITVAULT_BENCH phase=preflight.outbox_replay ms=0.084
GITVAULT_BENCH phase=preflight.cloud_head_fetch ms=541.333
GITVAULT_BENCH phase=preflight.relay_fetch_r2 ms=5718.080
GITVAULT_BENCH phase=preflight.checkpoint_evaluation ms=1.298
GITVAULT_BENCH phase=preflight.total ms=6267.878
GITVAULT_BENCH phase=read.path_resolution ms=4027.103
GITVAULT_BENCH phase=read.blob_fetch ms=1695.001
GITVAULT_BENCH phase=read.blob_decrypt_verify ms=0.165

scenario=ycsb-a operation=update dataset_files=10 sequence=67 returncode=0 total_ms=27336.169

Uploading Blob objects: 1/1 (100.0%)commit=49487918f1cb9363346ff75cad2096973f3f5a0a7a7d90d539e245032659b2e2
GITVAULT_BENCH phase=auth.kdf_identity ms=188.432
GITVAULT_BENCH phase=preflight.outbox_replay ms=0.081
GITVAULT_BENCH phase=preflight.cloud_head_fetch ms=1640.180
GITVAULT_BENCH phase=preflight.relay_fetch_r2 ms=2458.858
GITVAULT_BENCH phase=preflight.checkpoint_evaluation ms=0.777
GITVAULT_BENCH phase=write.preflight ms=4105.901

Uploading Tree objects... hash=943f83e537531e65fe515bfdc44065c094ef6111ff61030cf333be1acbe223f2 | size: 85 bytes

Uploading Tree objects... hash=6f20b5516d63b9df50beba139e51f3f1eb58117f7eab275ce2b95f4e9d1f3f2c | size: 103 bytes

Uploading Tree objects... hash=38129e198e971c66c4736aa2e3316b4ec3844b1cf9bf7b354b87159fee805f78 | size: 56 bytes

Uploading Tree objects... hash=1806125b6b3d6e41fb46c1010ea394e40c579c4b0322fbd3cd3629fc8313e733 | size: 69 bytes
GITVAULT_BENCH phase=write.object_prepare_upload ms=9103.425
GITVAULT_BENCH phase=write.head_journal ms=4.443
GITVAULT_BENCH phase=preflight.outbox_replay ms=0.258
GITVAULT_BENCH phase=preflight.cloud_head_fetch ms=440.407
GITVAULT_BENCH phase=preflight.relay_fetch_r2 ms=2380.151
GITVAULT_BENCH phase=preflight.checkpoint_evaluation ms=0.784
GITVAULT_BENCH phase=commit.cloud_head_recheck ms=404.226
GITVAULT_BENCH phase=commit.dropbox_cas ms=1586.641
GITVAULT_BENCH phase=commit.dropbox_readback ms=397.196
GITVAULT_BENCH phase=commit.checkpoint_create_journal ms=2.500
GITVAULT_BENCH phase=commit.checkpoint_publish_w2 ms=2594.439
GITVAULT_BENCH phase=commit.local_finalize ms=4.497
GITVAULT_BENCH phase=preflight.cloud_head_fetch ms=423.544
GITVAULT_BENCH phase=preflight.relay_fetch_r2 ms=3657.353
GITVAULT_BENCH phase=preflight.checkpoint_evaluation ms=1.632
GITVAULT_BENCH phase=write.cas_checkpoint_finalize ms=11907.526

scenario=cleanup operation=destroy dataset_files=0 sequence=68 returncode=0 total_ms=1557.089
Warning: 'destroy' will permanently remove:
  local metadata: /Users/dobshn/.gitvault/gitvault-load-20260816181859-c0e6c9-10
  remote Dropbox folder: /gitvault-load-20260816181859-c0e6c9-10

Proceed? (y/N): Remote vault folder deleted.
Local vault metadata deleted.

