scenario=scale-20 operation=smallfile-create returncode=0 total_ms=3630.882
do not need pause between files for single-threaded workload
changing --finish to true for op type create
                                 version : 3.2
                           hosts in test : None
                        launch by daemon : False
                   top test directory(s) : ['/var/folders/dv/6qqlc4qd201cxqrq7nd63qcm0000gn/T/gitvault-load-54377pk3/scale-20']
                               operation : create
                            files/thread : 20
                                 threads : 1
           record size (KB, 0 = maximum) : 0
                          file size (KB) : 8
                  file size distribution : fixed
                           files per dir : 1
                            dirs per dir : 10
              threads share directories? : N
                         filename prefix : 
                         filename suffix : 
             hash file number into dir.? : N
                     fsync after modify? : N
                         incompressible? : Y
          pause between files (microsec) : 0
                             auto-pause? : N
 delay after cleanup per file (microsec) : 0
             minimum directories per sec : 50
                             total hosts : 1
                    finish all requests? : Y
                              stonewall? : Y
                 measure response times? : N
                            verify read? : Y
                                verbose? : N
                          log to stderr? : N
host = MacBook-Pro-14.local,thr = 00,elapsed = 0.010455131530761719,files = 20,records = 20,status = ok
total threads = 1
total files = 20
total IOPS = 1912
total data =     0.000 GiB
100.00% of requested files processed, warning threshold is  70.00%
elapsed time =     0.010
files/sec = 1912.936240
IOPS = 1912.936240
MiB/sec = 14.944814

scenario=scale-20 operation=init dataset_files=20 sequence=1 returncode=0 total_ms=35820.682
initializing store at /gitvault-load-20260816183723-83b21c-20...

Uploading Blob objects: 1/2 (50.0%)
Uploading Blob objects: 2/2 (100.0%)
Uploading Blob objects: 3/5 (60.0%)
Uploading Blob objects: 4/5 (80.0%)
Uploading Blob objects: 5/6 (83.3%)
Uploading Blob objects: 6/6 (100.0%)
Uploading Blob objects: 7/7 (100.0%)
Uploading Blob objects: 8/9 (88.9%)
Uploading Blob objects: 9/11 (81.8%)
Uploading Blob objects: 10/11 (90.9%)
Uploading Blob objects: 11/11 (100.0%)
Uploading Blob objects: 12/13 (92.3%)
Uploading Blob objects: 13/13 (100.0%)
Uploading Blob objects: 14/14 (100.0%)
Uploading Blob objects: 15/16 (93.8%)
Uploading Blob objects: 16/16 (100.0%)
Uploading Blob objects: 17/18 (94.4%)
Uploading Blob objects: 18/18 (100.0%)
Uploading Blob objects: 19/20 (95.0%)
Uploading Blob objects: 20/20 (100.0%)
commit=b8f138f7b99ab20c16e0f2e6cf0e73f727fb549c48664c1475d2668d3ce093c0
genesis=48b7013f73cd63b5c2516cac79277ef8ab02dff1c0d766c07f34278f9f38eb13
GITVAULT_BENCH phase=auth.kdf_identity ms=1335.367

Uploading Tree objects... hash=411ad86684af1cb6138e9115611e27f8991dc3d7796905847125aa5f1b8f13c4 | size: 84 bytes

Uploading Tree objects... hash=362cb74aa246237de62a6a22012f1d6afcfcb90919e454d45146687b37a1a18f | size: 84 bytes

Uploading Tree objects... hash=8aeaaf65079a702b0a0dda82b39267ef2ae6e054c2289fff292c9e503bcb1261 | size: 5 bytes

Uploading Tree objects... hash=1c8fb744761ea18f73282983ee8704d41b4d0b0f860736b6d967c5458ee00d3f | size: 85 bytes

Uploading Tree objects... hash=eb5c1fab11fd830ef9651b1024236d886586379b78d7d4e80953bb73e949d6a5 | size: 85 bytes

Uploading Tree objects... hash=47b61c96c4e3c16e1f90a8341aafc7f23f5d093cf580a9f4c010c8da0a53dddb | size: 85 bytes

Uploading Tree objects... hash=40e5d4951cde4463a823860ebcc4daf4ab42578a50a6560ac57b8730ac992993 | size: 85 bytes

Uploading Tree objects... hash=0f698cdc4726a98620921c30bc3e3b5527809e2373d78de01b1346b5b0ddcc0a | size: 85 bytes

Uploading Tree objects... hash=f994cdb68a4823e5b0fa940215e857c8a53ac77a32231f411de1b3e78f5ad7fe | size: 85 bytes

Uploading Tree objects... hash=25baca151192bdb5dffd88ee210a95d3ec7083ba9eddb0d9702f686472d45e4c | size: 85 bytes

Uploading Tree objects... hash=71b683c800291b1006449c69db1f95d1b9df09f403a80bac890cbf39c366c062 | size: 85 bytes

Uploading Tree objects... hash=49a7ec277725cb1c325c85bfb06d84e7f4fb2843eb7491eb6b39343e9e7cec13 | size: 85 bytes

Uploading Tree objects... hash=47d16ad08d6a1ddfe9fec1aa12d862f6b544a0e7455f653bc0cce4eae3971f4f | size: 85 bytes

Uploading Tree objects... hash=14114614b82b52201869c3cd3821278ae7f8f51b458161afc53f9b45eddbba31 | size: 574 bytes

Uploading Tree objects... hash=3bc34f761c1b818b7e65d08be34114fb1ef0506eddb73caa451d6a456930a415 | size: 84 bytes

Uploading Tree objects... hash=1033ac443d98839a8a8ce54d2e1f2d7721d07e8dbedd4ee7c9ff68429dd45631 | size: 84 bytes

Uploading Tree objects... hash=3c99ef6baae98378b6061664153f66033b00a0b02f41acd69833fa9bc2d1346a | size: 84 bytes

Uploading Tree objects... hash=742127aa6590439a6e15753aacb0b412e742e56eb2eff9431508d4c05bbb06e2 | size: 84 bytes

Uploading Tree objects... hash=00fbee2b0c984f15912bfebc496193da759ad9bb8def1cab39a898bf85aaafaa | size: 84 bytes

Uploading Tree objects... hash=8ecd86abc68394c397cb5ec68877801d01e1aa674ec0bdd9e24593c425434bbb | size: 85 bytes

Uploading Tree objects... hash=88fa81b2a1e64fdb713a68a545ba73fd146e6479d0e056515bcdb16b4e19d916 | size: 133 bytes

Uploading Tree objects... hash=2de42cafbb3420f9d144c2a3da9f6032f42c20cf4aa18a7bb822f1439519c020 | size: 495 bytes

Uploading Tree objects... hash=001d6bc045b56092d8029c155037d71a790625ab05d1597f3597e09a9c04180d | size: 56 bytes

Uploading Tree objects... hash=410762d5059e71393be834d92ec2c411abe33b8f7d2b64b41f8579d2838af61b | size: 69 bytes
GITVAULT_BENCH phase=init.cloud_head_fetch ms=483.083
GITVAULT_BENCH phase=init.genesis_publish_w2 ms=2456.398
GITVAULT_BENCH phase=init.checkpoint_publish_w2 ms=2281.732

scenario=scale-20 operation=status dataset_files=20 sequence=2 returncode=0 total_ms=4561.871
L=b8f138f7b99ab20c16e0f2e6cf0e73f727fb549c48664c1475d2668d3ce093c0
C=b8f138f7b99ab20c16e0f2e6cf0e73f727fb549c48664c1475d2668d3ce093c0
N=b8f138f7b99ab20c16e0f2e6cf0e73f727fb549c48664c1475d2668d3ce093c0
clock_L={}
clock_C={}
clock_N={}
relation_L_C=EQUAL
relation_C_N=EQUAL
relation_L_N=EQUAL
cloud_revision=016592e5a52dfa300000002948d8a40
state=CONSISTENT
reason=NONE
action=NONE
detail=local, Dropbox, and signed vector checkpoints agree
relay=wss://relay.damus.io EOSE latency_ms=1942
relay=wss://relay.primal.net EOSE latency_ms=1696
relay=wss://relay.ditto.pub EOSE latency_ms=2315
pending_operation=none
GITVAULT_BENCH phase=auth.kdf_identity ms=196.371
GITVAULT_BENCH phase=preflight.outbox_replay ms=0.078
GITVAULT_BENCH phase=preflight.cloud_head_fetch ms=486.540
GITVAULT_BENCH phase=preflight.relay_fetch_r2 ms=2316.420
GITVAULT_BENCH phase=preflight.checkpoint_evaluation ms=0.701
GITVAULT_BENCH phase=preflight.total ms=2809.503

scenario=scale-20 operation=list dataset_files=20 sequence=3 returncode=0 total_ms=6197.048
GITVAULT_BENCH phase=auth.kdf_identity ms=191.299
GITVAULT_BENCH phase=preflight.outbox_replay ms=0.063
GITVAULT_BENCH phase=preflight.cloud_head_fetch ms=497.160
GITVAULT_BENCH phase=preflight.relay_fetch_r2 ms=2340.419
GITVAULT_BENCH phase=preflight.checkpoint_evaluation ms=1.359
GITVAULT_BENCH phase=preflight.total ms=2845.867

scenario=scale-20 operation=tree dataset_files=20 sequence=4 returncode=0 total_ms=24253.516
GITVAULT_BENCH phase=auth.kdf_identity ms=183.558
GITVAULT_BENCH phase=preflight.outbox_replay ms=0.072
GITVAULT_BENCH phase=preflight.cloud_head_fetch ms=500.042
GITVAULT_BENCH phase=preflight.relay_fetch_r2 ms=2288.535
GITVAULT_BENCH phase=preflight.checkpoint_evaluation ms=0.850
GITVAULT_BENCH phase=preflight.total ms=2795.726

scenario=scale-20 operation=cat-sample-1 dataset_files=20 sequence=5 returncode=0 total_ms=10268.320
GITVAULT_BENCH phase=auth.kdf_identity ms=196.392
GITVAULT_BENCH phase=preflight.outbox_replay ms=0.087
GITVAULT_BENCH phase=preflight.cloud_head_fetch ms=450.634
GITVAULT_BENCH phase=preflight.relay_fetch_r2 ms=2401.128
GITVAULT_BENCH phase=preflight.checkpoint_evaluation ms=0.825
GITVAULT_BENCH phase=preflight.total ms=2859.531
GITVAULT_BENCH phase=read.path_resolution ms=5293.958
GITVAULT_BENCH phase=read.blob_fetch ms=653.865
GITVAULT_BENCH phase=read.blob_decrypt_verify ms=0.295

scenario=scale-20 operation=quick-scan dataset_files=20 sequence=6 returncode=0 total_ms=29284.011
GITVAULT_BENCH phase=auth.kdf_identity ms=194.518
GITVAULT_BENCH phase=preflight.outbox_replay ms=0.075
GITVAULT_BENCH phase=preflight.cloud_head_fetch ms=595.407
GITVAULT_BENCH phase=preflight.relay_fetch_r2 ms=3416.725
GITVAULT_BENCH phase=preflight.checkpoint_evaluation ms=0.711
GITVAULT_BENCH phase=preflight.total ms=4018.754

scenario=scale-20 operation=deep-scan dataset_files=20 sequence=7 returncode=0 total_ms=43734.071
GITVAULT_BENCH phase=auth.kdf_identity ms=193.989
GITVAULT_BENCH phase=preflight.outbox_replay ms=0.114
GITVAULT_BENCH phase=preflight.cloud_head_fetch ms=680.959
GITVAULT_BENCH phase=preflight.relay_fetch_r2 ms=2286.031
GITVAULT_BENCH phase=preflight.checkpoint_evaluation ms=0.716
GITVAULT_BENCH phase=preflight.total ms=2973.952

scenario=cleanup operation=destroy dataset_files=0 sequence=8 returncode=0 total_ms=1367.346
Warning: 'destroy' will permanently remove:
  local metadata: /Users/dobshn/.gitvault/gitvault-load-20260816183723-83b21c-20
  remote Dropbox folder: /gitvault-load-20260816183723-83b21c-20

Proceed? (y/N): Remote vault folder deleted.
Local vault metadata deleted.

