scenario=scale-10 operation=smallfile-create returncode=0 total_ms=3646.553
do not need pause between files for single-threaded workload
changing --finish to true for op type create
                                 version : 3.2
                           hosts in test : None
                        launch by daemon : False
                   top test directory(s) : ['/var/folders/dv/6qqlc4qd201cxqrq7nd63qcm0000gn/T/gitvault-load-qzba0y82/scale-10']
                               operation : create
                            files/thread : 10
                                 threads : 1
           record size (KB, 0 = maximum) : 0
                          file size (KB) : 4096
                  file size distribution : fixed
                           files per dir : 10
                            dirs per dir : 10
              threads share directories? : N
                         filename prefix : 
                         filename suffix : 
             hash file number into dir.? : N
                     fsync after modify? : N
                         incompressible? : Y
          pause between files (microsec) : 0
                             auto-pause? : N
 delay after cleanup per file (microsec) : 0
             minimum directories per sec : 50
                             total hosts : 1
                    finish all requests? : Y
                              stonewall? : Y
                 measure response times? : N
                            verify read? : Y
                                verbose? : N
                          log to stderr? : N
host = MacBook-Pro-14.local,thr = 00,elapsed = 0.02320075035095215,files = 10,records = 40,status = ok
total threads = 1
total files = 10
total IOPS = 1724
total data =     0.039 GiB
100.00% of requested files processed, warning threshold is  70.00%
elapsed time =     0.023
files/sec = 431.020542
IOPS = 1724.082170
MiB/sec = 1724.082170

scenario=scale-10 operation=init dataset_files=10 sequence=1 returncode=0 total_ms=19350.465
initializing store at /gitvault-load-20260816175538-ea5caf-10...

Uploading Blob objects: 1/10 (10.0%)
Uploading Blob objects: 2/10 (20.0%)
Uploading Blob objects: 3/10 (30.0%)
Uploading Blob objects: 4/10 (40.0%)
Uploading Blob objects: 5/10 (50.0%)
Uploading Blob objects: 6/10 (60.0%)
Uploading Blob objects: 7/10 (70.0%)
Uploading Blob objects: 8/10 (80.0%)
Uploading Blob objects: 9/10 (90.0%)
Uploading Blob objects: 10/10 (100.0%)
commit=a1f5e968860e034335be8c049e8cfa009cfde720388945590ceda5483d512332
genesis=8cf3dbfdbc9e82c5f8db32fa7749973ca06fb2275ca6b240fdfb8327c653ca23
GITVAULT_BENCH phase=auth.kdf_identity ms=1215.775

Uploading Tree objects... hash=e4c0bb5447a0795928b8422bd33019e8af3c2bf6e161eeea1356bc9f34ba59a9 | size: 716 bytes

Uploading Tree objects... hash=64592d9b8bc64743c6ac5075dadd357cb2aea91ec6a3cd8b32c20b99405ac38b | size: 85 bytes

Uploading Tree objects... hash=43c856d8efcc2807fe10cbd64c54e30988027d3f05bcdd063856f60dc7de93d1 | size: 103 bytes

Conditional upload rate limited; retrying after 1s (attempt 1/5)

Uploading Tree objects... hash=47eaa0a8f7429be86126128f2ef2e697d66004c9d2799783f16874b7efb9383f | size: 56 bytes

Uploading Tree objects... hash=ec3967c7121fa5dffcd19c96b7f3482fd0e00f6900e7b7cefbd46ef1bd31aaf8 | size: 69 bytes
GITVAULT_BENCH phase=init.cloud_head_fetch ms=463.089
GITVAULT_BENCH phase=init.genesis_publish_w2 ms=2359.524
GITVAULT_BENCH phase=init.checkpoint_publish_w2 ms=2186.129

scenario=scale-10 operation=status dataset_files=10 sequence=2 returncode=0 total_ms=5271.671
L=a1f5e968860e034335be8c049e8cfa009cfde720388945590ceda5483d512332
C=a1f5e968860e034335be8c049e8cfa009cfde720388945590ceda5483d512332
N=a1f5e968860e034335be8c049e8cfa009cfde720388945590ceda5483d512332
clock_L={}
clock_C={}
clock_N={}
relation_L_C=EQUAL
relation_C_N=EQUAL
relation_L_N=EQUAL
cloud_revision=016592dc40d273500000002948d8a40
state=CONSISTENT
reason=NONE
action=NONE
detail=local, Dropbox, and signed vector checkpoints agree
relay=wss://relay.damus.io TRANSPORT_ERROR latency_ms=1022 The WebSocket handshake was declined by the remote peer [boost.beast.websocket:20 at /opt/homebrew/include/boost/beast/websocket/impl/stream_impl.hpp:657:40 in function 'operator()']
relay=wss://relay.primal.net EOSE latency_ms=1681
relay=wss://relay.ditto.pub EOSE latency_ms=2344
pending_operation=none
GITVAULT_BENCH phase=auth.kdf_identity ms=198.888
GITVAULT_BENCH phase=preflight.outbox_replay ms=0.074
GITVAULT_BENCH phase=preflight.cloud_head_fetch ms=446.178
GITVAULT_BENCH phase=preflight.relay_fetch_r2 ms=2345.006
GITVAULT_BENCH phase=preflight.checkpoint_evaluation ms=0.734
GITVAULT_BENCH phase=preflight.total ms=2800.149

scenario=scale-10 operation=list dataset_files=10 sequence=3 returncode=0 total_ms=7003.710
GITVAULT_BENCH phase=auth.kdf_identity ms=183.578
GITVAULT_BENCH phase=preflight.outbox_replay ms=0.075
GITVAULT_BENCH phase=preflight.cloud_head_fetch ms=1540.163
GITVAULT_BENCH phase=preflight.relay_fetch_r2 ms=2356.597
GITVAULT_BENCH phase=preflight.checkpoint_evaluation ms=0.757
GITVAULT_BENCH phase=preflight.total ms=3903.599

scenario=scale-10 operation=tree dataset_files=10 sequence=4 returncode=0 total_ms=9791.553
GITVAULT_BENCH phase=auth.kdf_identity ms=200.506
GITVAULT_BENCH phase=preflight.outbox_replay ms=0.073
GITVAULT_BENCH phase=preflight.cloud_head_fetch ms=443.943
GITVAULT_BENCH phase=preflight.relay_fetch_r2 ms=2395.535
GITVAULT_BENCH phase=preflight.checkpoint_evaluation ms=0.671
GITVAULT_BENCH phase=preflight.total ms=2848.105

scenario=scale-10 operation=cat-sample-1 dataset_files=10 sequence=5 returncode=0 total_ms=10591.533
GITVAULT_BENCH phase=auth.kdf_identity ms=185.056
GITVAULT_BENCH phase=preflight.outbox_replay ms=0.075
GITVAULT_BENCH phase=preflight.cloud_head_fetch ms=706.947
GITVAULT_BENCH phase=preflight.relay_fetch_r2 ms=2562.968
GITVAULT_BENCH phase=preflight.checkpoint_evaluation ms=0.675
GITVAULT_BENCH phase=preflight.total ms=3277.249
GITVAULT_BENCH phase=read.path_resolution ms=4495.264
GITVAULT_BENCH phase=read.blob_fetch ms=1270.741
GITVAULT_BENCH phase=read.blob_decrypt_verify ms=47.830

scenario=scale-10 operation=quick-scan dataset_files=10 sequence=6 returncode=0 total_ms=10850.252
GITVAULT_BENCH phase=auth.kdf_identity ms=198.114
GITVAULT_BENCH phase=preflight.outbox_replay ms=0.082
GITVAULT_BENCH phase=preflight.cloud_head_fetch ms=551.743
GITVAULT_BENCH phase=preflight.relay_fetch_r2 ms=2394.959
GITVAULT_BENCH phase=preflight.checkpoint_evaluation ms=0.758
GITVAULT_BENCH phase=preflight.total ms=2953.390

scenario=scale-10 operation=deep-scan dataset_files=10 sequence=7 returncode=0 total_ms=27013.008
GITVAULT_BENCH phase=auth.kdf_identity ms=182.923
GITVAULT_BENCH phase=preflight.outbox_replay ms=0.107
GITVAULT_BENCH phase=preflight.cloud_head_fetch ms=466.140
GITVAULT_BENCH phase=preflight.relay_fetch_r2 ms=2383.005
GITVAULT_BENCH phase=preflight.checkpoint_evaluation ms=0.724
GITVAULT_BENCH phase=preflight.total ms=2857.814

scenario=cleanup operation=destroy dataset_files=0 sequence=8 returncode=0 total_ms=1677.595
Warning: 'destroy' will permanently remove:
  local metadata: /Users/dobshn/.gitvault/gitvault-load-20260816175538-ea5caf-10
  remote Dropbox folder: /gitvault-load-20260816175538-ea5caf-10

Proceed? (y/N): Remote vault folder deleted.
Local vault metadata deleted.

