scenario=scale-20 operation=smallfile-create returncode=0 total_ms=3631.547
do not need pause between files for single-threaded workload
changing --finish to true for op type create
                                 version : 3.2
                           hosts in test : None
                        launch by daemon : False
                   top test directory(s) : ['/var/folders/dv/6qqlc4qd201cxqrq7nd63qcm0000gn/T/gitvault-load-xgtdry6a/scale-20']
                               operation : create
                            files/thread : 20
                                 threads : 1
           record size (KB, 0 = maximum) : 0
                          file size (KB) : 8
                  file size distribution : fixed
                           files per dir : 5
                            dirs per dir : 10
              threads share directories? : N
                         filename prefix : 
                         filename suffix : 
             hash file number into dir.? : N
                     fsync after modify? : N
                         incompressible? : Y
          pause between files (microsec) : 0
                             auto-pause? : N
 delay after cleanup per file (microsec) : 0
             minimum directories per sec : 50
                             total hosts : 1
                    finish all requests? : Y
                              stonewall? : Y
                 measure response times? : N
                            verify read? : Y
                                verbose? : N
                          log to stderr? : N
host = MacBook-Pro-14.local,thr = 00,elapsed = 0.010992050170898438,files = 20,records = 20,status = ok
total threads = 1
total files = 20
total IOPS = 1819
total data =     0.000 GiB
100.00% of requested files processed, warning threshold is  70.00%
elapsed time =     0.011
files/sec = 1819.496790
IOPS = 1819.496790
MiB/sec = 14.214819

scenario=scale-20 operation=init dataset_files=20 sequence=1 returncode=0 total_ms=23104.712
initializing store at /gitvault-load-20260816183533-b665a8-20...

Uploading Blob objects: 1/4 (25.0%)
Uploading Blob objects: 2/4 (50.0%)
Uploading Blob objects: 3/9 (33.3%)
Uploading Blob objects: 4/9 (44.4%)
Uploading Blob objects: 5/9 (55.6%)
Uploading Blob objects: 6/14 (42.9%)
Uploading Blob objects: 7/14 (50.0%)
Uploading Blob objects: 8/15 (53.3%)
Uploading Blob objects: 9/20 (45.0%)
Uploading Blob objects: 10/20 (50.0%)
Uploading Blob objects: 11/20 (55.0%)
Uploading Blob objects: 12/20 (60.0%)
Uploading Blob objects: 13/20 (65.0%)
Uploading Blob objects: 14/20 (70.0%)
Uploading Blob objects: 15/20 (75.0%)
Uploading Blob objects: 16/20 (80.0%)
Uploading Blob objects: 17/20 (85.0%)
Uploading Blob objects: 18/20 (90.0%)
Uploading Blob objects: 19/20 (95.0%)
Uploading Blob objects: 20/20 (100.0%)
commit=d53fb9396b4e6e9aac92056d157d552933d5cb7288ba7cdfe2a5673ccfb04835
genesis=0d0a3798450d94e383f66b21280034d4c5a1680a6061c5cddbabe1405f0f42a4
GITVAULT_BENCH phase=auth.kdf_identity ms=1415.987

Uploading Tree objects... hash=9b86e95f450853595e8ec7a8ec787921ba5581590a7cc3905ffea2765eef96bc | size: 321 bytes

Uploading Tree objects... hash=c0eab85e6331bfc2783eb1f3baac0a177c3edc0de6ca4f865b4a4ee7050a9b7e | size: 400 bytes

Conditional upload rate limited; retrying after 1s (attempt 1/5)

Uploading Tree objects... hash=2ffea86f1dbc457a0902e8c21ec8e3ea5842904e4e71c8406faa44c3ed8f580f | size: 405 bytes

Uploading Tree objects... hash=1bbf974d0f511b9410fb7864e41c17525088d7092e61adc998a0a9e90b1b7de1 | size: 85 bytes

Uploading Tree objects... hash=281f24965e19e883eb0be805cbb78726c0842f55063758aa1de59aa37f707aaf | size: 405 bytes

Conditional upload rate limited; retrying after 1s (attempt 1/5)

Uploading Tree objects... hash=f033041d468c944b38ad13b3731fd852306bd77e0aeca2145cb9b3112f3ba5da | size: 250 bytes

Uploading Tree objects... hash=d402535e954121cf671a02a18abf7e7f494f688c8de08e57d9969ea4abdeb18b | size: 56 bytes

Conditional upload rate limited; retrying after 1s (attempt 1/5)

Uploading Tree objects... hash=3bb6670253025ba11ce13c23aa0a1cfa0ccba1d734014e66cc7e38fc21dafecd | size: 69 bytes
GITVAULT_BENCH phase=init.cloud_head_fetch ms=469.759
GITVAULT_BENCH phase=init.genesis_publish_w2 ms=2169.218
GITVAULT_BENCH phase=init.checkpoint_publish_w2 ms=2159.282

scenario=scale-20 operation=status dataset_files=20 sequence=2 returncode=0 total_ms=5415.007
L=d53fb9396b4e6e9aac92056d157d552933d5cb7288ba7cdfe2a5673ccfb04835
C=d53fb9396b4e6e9aac92056d157d552933d5cb7288ba7cdfe2a5673ccfb04835
N=d53fb9396b4e6e9aac92056d157d552933d5cb7288ba7cdfe2a5673ccfb04835
clock_L={}
clock_C={}
clock_N={}
relation_L_C=EQUAL
relation_C_N=EQUAL
relation_L_N=EQUAL
cloud_revision=016592e530d560200000002948d8a40
state=CONSISTENT
reason=NONE
action=NONE
detail=local, Dropbox, and signed vector checkpoints agree
relay=wss://relay.damus.io EOSE latency_ms=3533
relay=wss://relay.primal.net EOSE latency_ms=1685
relay=wss://relay.ditto.pub EOSE latency_ms=2251
pending_operation=none
GITVAULT_BENCH phase=auth.kdf_identity ms=197.224
GITVAULT_BENCH phase=preflight.outbox_replay ms=0.064
GITVAULT_BENCH phase=preflight.cloud_head_fetch ms=487.489
GITVAULT_BENCH phase=preflight.relay_fetch_r2 ms=3533.758
GITVAULT_BENCH phase=preflight.checkpoint_evaluation ms=0.870
GITVAULT_BENCH phase=preflight.total ms=4028.107

scenario=scale-20 operation=list dataset_files=20 sequence=3 returncode=0 total_ms=6411.461
GITVAULT_BENCH phase=auth.kdf_identity ms=187.586
GITVAULT_BENCH phase=preflight.outbox_replay ms=0.076
GITVAULT_BENCH phase=preflight.cloud_head_fetch ms=463.404
GITVAULT_BENCH phase=preflight.relay_fetch_r2 ms=2631.455
GITVAULT_BENCH phase=preflight.checkpoint_evaluation ms=0.632
GITVAULT_BENCH phase=preflight.total ms=3100.531

scenario=scale-20 operation=tree dataset_files=20 sequence=4 returncode=0 total_ms=12904.833
GITVAULT_BENCH phase=auth.kdf_identity ms=181.129
GITVAULT_BENCH phase=preflight.outbox_replay ms=0.061
GITVAULT_BENCH phase=preflight.cloud_head_fetch ms=1533.858
GITVAULT_BENCH phase=preflight.relay_fetch_r2 ms=2425.397
GITVAULT_BENCH phase=preflight.checkpoint_evaluation ms=0.959
GITVAULT_BENCH phase=preflight.total ms=3967.393

scenario=scale-20 operation=cat-sample-1 dataset_files=20 sequence=5 returncode=0 total_ms=10033.994
GITVAULT_BENCH phase=auth.kdf_identity ms=198.847
GITVAULT_BENCH phase=preflight.outbox_replay ms=0.086
GITVAULT_BENCH phase=preflight.cloud_head_fetch ms=433.619
GITVAULT_BENCH phase=preflight.relay_fetch_r2 ms=2391.850
GITVAULT_BENCH phase=preflight.checkpoint_evaluation ms=0.947
GITVAULT_BENCH phase=preflight.total ms=2833.444
GITVAULT_BENCH phase=read.path_resolution ms=5036.523
GITVAULT_BENCH phase=read.blob_fetch ms=615.309
GITVAULT_BENCH phase=read.blob_decrypt_verify ms=0.386

scenario=scale-20 operation=quick-scan dataset_files=20 sequence=6 returncode=0 total_ms=15562.486
GITVAULT_BENCH phase=auth.kdf_identity ms=176.709
GITVAULT_BENCH phase=preflight.outbox_replay ms=0.080
GITVAULT_BENCH phase=preflight.cloud_head_fetch ms=441.892
GITVAULT_BENCH phase=preflight.relay_fetch_r2 ms=2316.457
GITVAULT_BENCH phase=preflight.checkpoint_evaluation ms=0.783
GITVAULT_BENCH phase=preflight.total ms=2764.695

scenario=scale-20 operation=deep-scan dataset_files=20 sequence=7 returncode=0 total_ms=30936.354
GITVAULT_BENCH phase=auth.kdf_identity ms=197.730
GITVAULT_BENCH phase=preflight.outbox_replay ms=0.101
GITVAULT_BENCH phase=preflight.cloud_head_fetch ms=499.022
GITVAULT_BENCH phase=preflight.relay_fetch_r2 ms=2367.425
GITVAULT_BENCH phase=preflight.checkpoint_evaluation ms=0.777
GITVAULT_BENCH phase=preflight.total ms=2873.058

scenario=cleanup operation=destroy dataset_files=0 sequence=8 returncode=0 total_ms=1530.859
Warning: 'destroy' will permanently remove:
  local metadata: /Users/dobshn/.gitvault/gitvault-load-20260816183533-b665a8-20
  remote Dropbox folder: /gitvault-load-20260816183533-b665a8-20

Proceed? (y/N): Remote vault folder deleted.
Local vault metadata deleted.

